#
# There is insufficient memory for the Java Runtime Environment to continue.
# Native memory allocation (malloc) failed to allocate 1550928 bytes. Error detail: Chunk::new
# Possible reasons:
#   The system is out of physical RAM or swap space
#   This process is running with CompressedOops enabled, and the Java Heap may be blocking the growth of the native heap
# Possible solutions:
#   Reduce memory load on the system
#   Increase physical memory or swap space
#   Check if swap backing store is full
#   Decrease Java heap size (-Xmx/-Xms)
#   Decrease number of Java threads
#   Decrease Java thread stack sizes (-Xss)
#   Set larger code cache with -XX:ReservedCodeCacheSize=
#   JVM is running with Unscaled Compressed Oops mode in which the Java heap is
#     placed in the first 4GB address space. The Java Heap base address is the
#     maximum limit for the native heap growth. Please use -XX:HeapBaseMinAddress
#     to set the Java Heap base and to place the Java Heap above 4GB virtual address.
# This output file may be truncated or incomplete.
#
#  Out of Memory Error (arena.cpp:168), pid=9072, tid=13432
#
# JRE version: OpenJDK Runtime Environment Temurin-21.0.10+7 (21.0.10+7) (build 21.0.10+7-LTS)
# Java VM: OpenJDK 64-Bit Server VM Temurin-21.0.10+7 (21.0.10+7-LTS, mixed mode, sharing, tiered, compressed oops, compressed class ptrs, parallel gc, windows-amd64)
# No core dump will be written. Minidumps are not enabled by default on client versions of Windows
#

---------------  S U M M A R Y ------------

Command Line: --add-modules=ALL-SYSTEM --add-opens=java.base/java.util=ALL-UNNAMED --add-opens=java.base/java.lang=ALL-UNNAMED --add-opens=java.base/sun.nio.fs=ALL-UNNAMED -Declipse.application=org.eclipse.jdt.ls.core.id1 -Dosgi.bundles.defaultStartLevel=4 -Declipse.product=org.eclipse.jdt.ls.core.product -Djava.import.generatesMetadataFilesAtProjectRoot=false -DDetectVMInstallationsJob.disabled=true -Dfile.encoding=utf8 -XX:+UseParallelGC -XX:GCTimeRatio=4 -XX:AdaptiveSizePolicyWeight=90 -Dsun.zip.disableMemoryMapping=true -Xmx2G -Xms100m -Xlog:disable -javaagent:c:\Users\xdele\.windsurf\extensions\redhat.java-1.53.0-win32-x64\lombok\lombok-1.18.39-4050.jar -XX:+HeapDumpOnOutOfMemoryError -XX:HeapDumpPath=c:\Users\xdele\AppData\Roaming\Windsurf\User\workspaceStorage\0c286645f812e025e1531ab0605a77a4\redhat.java -Daether.dependencyCollector.impl=bf c:\Users\xdele\.windsurf\extensions\redhat.java-1.53.0-win32-x64\server\plugins\org.eclipse.equinox.launcher_1.7.100.v20251111-0406.jar -configuration c:\Users\xdele\AppData\Roaming\Windsurf\User\globalStorage\redhat.java\1.53.0\config_win -data c:\Users\xdele\AppData\Roaming\Windsurf\User\workspaceStorage\0c286645f812e025e1531ab0605a77a4\redhat.java\jdt_ws --pipe=\\.\pipe\lsp-141c640cd1c3afaff79dc9a3d577d355-sock

Host: AMD Ryzen 5 5600G with Radeon Graphics         , 12 cores, 15G,  Windows 11 , 64 bit Build 26100 (10.0.26100.7623)
Time: Mon Apr 13 23:03:20 2026 Bangladesh Standard Time elapsed time: 22.243974 seconds (0d 0h 0m 22s)

---------------  T H R E A D  ---------------

Current thread (0x000002137f742bf0):  JavaThread "C2 CompilerThread2" daemon [_thread_in_native, id=13432, stack(0x0000008459400000,0x0000008459500000) (1024K)]


Current CompileTask:
C2:22244 4600   !   4       org.eclipse.osgi.internal.loader.classpath.ClasspathManager::findClassImpl (328 bytes)

Stack: [0x0000008459400000,0x0000008459500000]
Native frames: (J=compiled Java code, j=interpreted, Vv=VM code, C=native code)
V  [jvm.dll+0x6d7a39]
V  [jvm.dll+0x8b4b26]
V  [jvm.dll+0x8b70de]
V  [jvm.dll+0x8b77c3]
V  [jvm.dll+0x284346]
V  [jvm.dll+0xc66ed]
V  [jvm.dll+0xc6c31]
V  [jvm.dll+0x3bec3b]
V  [jvm.dll+0x38b162]
V  [jvm.dll+0x38a5aa]
V  [jvm.dll+0x24c560]
V  [jvm.dll+0x24bb40]
V  [jvm.dll+0x1cb34e]
V  [jvm.dll+0x25b85d]
V  [jvm.dll+0x259dea]
V  [jvm.dll+0x3f857e]
V  [jvm.dll+0x85f59d]
V  [jvm.dll+0x6d626d]
C  [ucrtbase.dll+0x37b0]
C  [KERNEL32.DLL+0x2e8d7]
C  [ntdll.dll+0x8c53c]


---------------  P R O C E S S  ---------------

Threads class SMR info:
_java_thread_list=0x00000213424de560, length=51, elements={
0x000002136021ef40, 0x00000213602c33e0, 0x00000213601cc790, 0x00000213602c46e0,
0x00000213602c5470, 0x00000213602ca570, 0x00000213602cd540, 0x00000213602d4e30,
0x00000213602dc120, 0x00000213781665c0, 0x000002137828f000, 0x000002137d3bf3f0,
0x000002137d3c07a0, 0x000002137d3be6d0, 0x000002137d3c0110, 0x000002137d3bfa80,
0x000002137d3c14c0, 0x000002137d3c1b50, 0x000002137dc498e0, 0x000002137dc47ea0,
0x000002137dc48530, 0x000002137df42770, 0x000002137f742bf0, 0x000002137dc49250,
0x000002137dc4a600, 0x000002137dc49f70, 0x000002137dc4ac90, 0x000002137dc4b320,
0x000002137dc4b9b0, 0x000002137dc48bc0, 0x000002137dc4c6d0, 0x000002137dc4e110,
0x000002137dc4d3f0, 0x000002137dc4da80, 0x000002137dc4f4c0, 0x000002137dc4cd60,
0x000002137dc4e7a0, 0x000002137dc4ee30, 0x00000213423bfd70, 0x00000213423c24d0,
0x00000213423c2b60, 0x00000213423c17b0, 0x00000213423bf6e0, 0x00000213423c1e40,
0x00000213423c31f0, 0x00000213423c0a90, 0x00000213423c0400, 0x00000213423c45a0,
0x00000213423c3880, 0x00000213423c3f10, 0x00000213423c1120
}

Java Threads: ( => current thread )
  0x000002136021ef40 JavaThread "main"                              [_thread_blocked, id=15136, stack(0x0000008457200000,0x0000008457300000) (1024K)]
  0x00000213602c33e0 JavaThread "Reference Handler"          daemon [_thread_blocked, id=16952, stack(0x0000008457600000,0x0000008457700000) (1024K)]
  0x00000213601cc790 JavaThread "Finalizer"                  daemon [_thread_blocked, id=13328, stack(0x0000008457700000,0x0000008457800000) (1024K)]
  0x00000213602c46e0 JavaThread "Signal Dispatcher"          daemon [_thread_blocked, id=16876, stack(0x0000008457800000,0x0000008457900000) (1024K)]
  0x00000213602c5470 JavaThread "Attach Listener"            daemon [_thread_blocked, id=17088, stack(0x0000008457900000,0x0000008457a00000) (1024K)]
  0x00000213602ca570 JavaThread "Service Thread"             daemon [_thread_blocked, id=5160, stack(0x0000008457a00000,0x0000008457b00000) (1024K)]
  0x00000213602cd540 JavaThread "Monitor Deflation Thread"   daemon [_thread_blocked, id=3780, stack(0x0000008457b00000,0x0000008457c00000) (1024K)]
  0x00000213602d4e30 JavaThread "C2 CompilerThread0"         daemon [_thread_in_native, id=17232, stack(0x0000008457c00000,0x0000008457d00000) (1024K)]
  0x00000213602dc120 JavaThread "C1 CompilerThread0"         daemon [_thread_in_native, id=11904, stack(0x0000008457d00000,0x0000008457e00000) (1024K)]
  0x00000213781665c0 JavaThread "Common-Cleaner"             daemon [_thread_blocked, id=13124, stack(0x0000008457e00000,0x0000008457f00000) (1024K)]
  0x000002137828f000 JavaThread "Notification Thread"        daemon [_thread_blocked, id=12844, stack(0x0000008458000000,0x0000008458100000) (1024K)]
  0x000002137d3bf3f0 JavaThread "Active Thread: Equinox Container: 95f71d7c-58a4-4504-9267-3213b3bea2db"        [_thread_blocked, id=15592, stack(0x0000008458800000,0x0000008458900000) (1024K)]
  0x000002137d3c07a0 JavaThread "Refresh Thread: Equinox Container: 95f71d7c-58a4-4504-9267-3213b3bea2db" daemon [_thread_blocked, id=10592, stack(0x0000008458100000,0x0000008458200000) (1024K)]
  0x000002137d3be6d0 JavaThread "Framework Event Dispatcher: Equinox Container: 95f71d7c-58a4-4504-9267-3213b3bea2db" daemon [_thread_blocked, id=4712, stack(0x0000008458900000,0x0000008458a00000) (1024K)]
  0x000002137d3c0110 JavaThread "Start Level: Equinox Container: 95f71d7c-58a4-4504-9267-3213b3bea2db" daemon [_thread_blocked, id=15644, stack(0x0000008458a00000,0x0000008458b00000) (1024K)]
  0x000002137d3bfa80 JavaThread "Bundle File Closer"         daemon [_thread_blocked, id=8224, stack(0x0000008458e00000,0x0000008458f00000) (1024K)]
  0x000002137d3c14c0 JavaThread "SCR Component Actor"        daemon [_thread_blocked, id=12336, stack(0x0000008458b00000,0x0000008458c00000) (1024K)]
  0x000002137d3c1b50 JavaThread "Worker-JM"                         [_thread_blocked, id=9444, stack(0x0000008459000000,0x0000008459100000) (1024K)]
  0x000002137dc498e0 JavaThread "JNA Cleaner"                daemon [_thread_blocked, id=15648, stack(0x0000008459100000,0x0000008459200000) (1024K)]
  0x000002137dc47ea0 JavaThread "Worker-0"                          [_thread_blocked, id=13928, stack(0x0000008459200000,0x0000008459300000) (1024K)]
  0x000002137dc48530 JavaThread "Worker-1"                          [_thread_blocked, id=7076, stack(0x0000008459300000,0x0000008459400000) (1024K)]
  0x000002137df42770 JavaThread "C2 CompilerThread1"         daemon [_thread_in_native, id=15456, stack(0x0000008458f00000,0x0000008459000000) (1024K)]
=>0x000002137f742bf0 JavaThread "C2 CompilerThread2"         daemon [_thread_in_native, id=13432, stack(0x0000008459400000,0x0000008459500000) (1024K)]
  0x000002137dc49250 JavaThread "Java indexing"              daemon [_thread_blocked, id=9508, stack(0x0000008459500000,0x0000008459600000) (1024K)]
  0x000002137dc4a600 JavaThread "Worker-2"                          [_thread_blocked, id=12180, stack(0x0000008459900000,0x0000008459a00000) (1024K)]
  0x000002137dc49f70 JavaThread "Worker-3: Repository registry initialization"        [_thread_in_vm, id=17392, stack(0x0000008459a00000,0x0000008459b00000) (1024K)]
  0x000002137dc4ac90 JavaThread "Thread-1"                   daemon [_thread_in_native, id=13804, stack(0x0000008459b00000,0x0000008459c00000) (1024K)]
  0x000002137dc4b320 JavaThread "Thread-2"                   daemon [_thread_in_native, id=15732, stack(0x0000008459c00000,0x0000008459d00000) (1024K)]
  0x000002137dc4b9b0 JavaThread "Thread-3"                   daemon [_thread_in_native, id=3668, stack(0x0000008459d00000,0x0000008459e00000) (1024K)]
  0x000002137dc48bc0 JavaThread "Thread-4"                   daemon [_thread_in_native, id=17012, stack(0x0000008459e00000,0x0000008459f00000) (1024K)]
  0x000002137dc4c6d0 JavaThread "Thread-5"                   daemon [_thread_in_native, id=12396, stack(0x0000008459f00000,0x000000845a000000) (1024K)]
  0x000002137dc4e110 JavaThread "Thread-6"                   daemon [_thread_in_native, id=1248, stack(0x000000845a000000,0x000000845a100000) (1024K)]
  0x000002137dc4d3f0 JavaThread "Thread-7"                   daemon [_thread_in_native, id=16764, stack(0x000000845a100000,0x000000845a200000) (1024K)]
  0x000002137dc4da80 JavaThread "Thread-8"                   daemon [_thread_in_native, id=12768, stack(0x000000845a200000,0x000000845a300000) (1024K)]
  0x000002137dc4f4c0 JavaThread "Thread-9"                   daemon [_thread_in_native, id=5408, stack(0x000000845a300000,0x000000845a400000) (1024K)]
  0x000002137dc4cd60 JavaThread "Thread-10"                  daemon [_thread_in_native, id=16748, stack(0x000000845a400000,0x000000845a500000) (1024K)]
  0x000002137dc4e7a0 JavaThread "Thread-11"                  daemon [_thread_in_native, id=5700, stack(0x000000845a500000,0x000000845a600000) (1024K)]
  0x000002137dc4ee30 JavaThread "Thread-12"                  daemon [_thread_in_native, id=13540, stack(0x000000845a600000,0x000000845a700000) (1024K)]
  0x00000213423bfd70 JavaThread "Thread-13"                  daemon [_thread_in_native, id=12564, stack(0x000000845a700000,0x000000845a800000) (1024K)]
  0x00000213423c24d0 JavaThread "pool-2-thread-1"                   [_thread_blocked, id=4196, stack(0x000000845a800000,0x000000845a900000) (1024K)]
  0x00000213423c2b60 JavaThread "WorkspaceEventsHandler"            [_thread_blocked, id=17460, stack(0x000000845a900000,0x000000845aa00000) (1024K)]
  0x00000213423c17b0 JavaThread "pool-1-thread-1"                   [_thread_blocked, id=17464, stack(0x000000845aa00000,0x000000845ab00000) (1024K)]
  0x00000213423bf6e0 JavaThread "ForkJoinPool.commonPool-worker-1" daemon [_thread_blocked, id=17528, stack(0x000000845ab00000,0x000000845ac00000) (1024K)]
  0x00000213423c1e40 JavaThread "ForkJoinPool.commonPool-worker-2" daemon [_thread_blocked, id=17532, stack(0x000000845ac00000,0x000000845ad00000) (1024K)]
  0x00000213423c31f0 JavaThread "ForkJoinPool.commonPool-worker-3" daemon [_thread_blocked, id=17536, stack(0x000000845ad00000,0x000000845ae00000) (1024K)]
  0x00000213423c0a90 JavaThread "ForkJoinPool.commonPool-worker-4" daemon [_thread_blocked, id=17540, stack(0x000000845ae00000,0x000000845af00000) (1024K)]
  0x00000213423c0400 JavaThread "ForkJoinPool.commonPool-worker-5" daemon [_thread_blocked, id=17544, stack(0x000000845af00000,0x000000845b000000) (1024K)]
  0x00000213423c45a0 JavaThread "ForkJoinPool.commonPool-worker-6" daemon [_thread_blocked, id=17548, stack(0x000000845b000000,0x000000845b100000) (1024K)]
  0x00000213423c3880 JavaThread "ForkJoinPool.commonPool-worker-7" daemon [_thread_blocked, id=17556, stack(0x000000845b100000,0x000000845b200000) (1024K)]
  0x00000213423c3f10 JavaThread "ForkJoinPool.commonPool-worker-8" daemon [_thread_blocked, id=17564, stack(0x000000845b200000,0x000000845b300000) (1024K)]
  0x00000213423c1120 JavaThread "ForkJoinPool.commonPool-worker-9" daemon [_thread_blocked, id=17572, stack(0x000000845b300000,0x000000845b400000) (1024K)]
Total: 51

Other Threads:
  0x00000213602beb60 VMThread "VM Thread"                           [id=17228, stack(0x0000008457500000,0x0000008457600000) (1024K)]
  0x00000213600aca00 WatcherThread "VM Periodic Task Thread"        [id=3588, stack(0x0000008457400000,0x0000008457500000) (1024K)]
  0x000002136023c110 WorkerThread "GC Thread#0"                     [id=17152, stack(0x0000008457300000,0x0000008457400000) (1024K)]
  0x000002137d571d40 WorkerThread "GC Thread#1"                     [id=3092, stack(0x0000008458200000,0x0000008458300000) (1024K)]
  0x000002137d5720f0 WorkerThread "GC Thread#2"                     [id=2816, stack(0x0000008458300000,0x0000008458400000) (1024K)]
  0x000002137d4fea40 WorkerThread "GC Thread#3"                     [id=4684, stack(0x0000008458400000,0x0000008458500000) (1024K)]
  0x000002137d4fedf0 WorkerThread "GC Thread#4"                     [id=15796, stack(0x0000008458500000,0x0000008458600000) (1024K)]
  0x000002137d3f8520 WorkerThread "GC Thread#5"                     [id=3692, stack(0x0000008458600000,0x0000008458700000) (1024K)]
  0x000002137d3f8ce0 WorkerThread "GC Thread#6"                     [id=2440, stack(0x0000008458700000,0x0000008458800000) (1024K)]
  0x000002137d901090 WorkerThread "GC Thread#7"                     [id=13936, stack(0x0000008457f00000,0x0000008458000000) (1024K)]
  0x000002137da4bdf0 WorkerThread "GC Thread#8"                     [id=1648, stack(0x0000008458c00000,0x0000008458d00000) (1024K)]
  0x000002137da4c1a0 WorkerThread "GC Thread#9"                     [id=11864, stack(0x0000008458d00000,0x0000008458e00000) (1024K)]
Total: 12

Threads with active compile tasks:
C2 CompilerThread0  23276 4885       4       com.google.gson.internal.bind.TypeAdapterRuntimeTypeWrapper::read (9 bytes)
C2 CompilerThread1  23276 4588       4       org.eclipse.osgi.internal.loader.BundleLoader::addExportedProvidersFor (167 bytes)
C2 CompilerThread2  23276 4600   !   4       org.eclipse.osgi.internal.loader.classpath.ClasspathManager::findClassImpl (328 bytes)
Total: 3

VM state: not at safepoint (normal execution)

VM Mutex/Monitor currently owned by a thread: None

Heap address: 0x0000000080000000, size: 2048 MB, Compressed Oops mode: 32-bit

CDS archive(s) mapped at: [0x0000021300000000-0x0000021300ba0000-0x0000021300ba0000), size 12189696, SharedBaseAddress: 0x0000021300000000, ArchiveRelocationMode: 1.
Compressed class space mapped at: 0x0000021301000000-0x0000021341000000, reserved size: 1073741824
Narrow klass base: 0x0000021300000000, Narrow klass shift: 0, Narrow klass range: 0x100000000

GC Precious Log:
 CardTable entry size: 512
 CPUs: 12 total, 12 available
 Memory: 15659M
 Large Page Support: Disabled
 NUMA Support: Disabled
 Compressed Oops: Enabled (32-bit)
 Alignments: Space 512K, Generation 512K, Heap 2M
 Heap Min Capacity: 100M
 Heap Initial Capacity: 100M
 Heap Max Capacity: 2G
 Pre-touch: Disabled
 Parallel Workers: 10

Heap:
 PSYoungGen      total 23552K, used 20032K [0x00000000d5580000, 0x00000000d7280000, 0x0000000100000000)
  eden space 22016K, 84% used [0x00000000d5580000,0x00000000d6795da0,0x00000000d6b00000)
  from space 1536K, 98% used [0x00000000d7100000,0x00000000d727a4b0,0x00000000d7280000)
  to   space 2048K, 0% used [0x00000000d6e80000,0x00000000d6e80000,0x00000000d7080000)
 ParOldGen       total 68608K, used 20014K [0x0000000080000000, 0x0000000084300000, 0x00000000d5580000)
  object space 68608K, 29% used [0x0000000080000000,0x000000008138ba40,0x0000000084300000)
 Metaspace       used 38297K, committed 39488K, reserved 1114112K
  class space    used 4063K, committed 4608K, reserved 1048576K

Card table byte_map: [0x000002135fbc0000,0x000002135ffd0000] _byte_map_base: 0x000002135f7c0000

Marking Bits: (ParMarkBitMap*) 0x00007fffa43b3450
 Begin Bits: [0x00000213726d0000, 0x00000213746d0000)
 End Bits:   [0x00000213746d0000, 0x00000213766d0000)

Polling page: 0x000002135e000000

Metaspace:

Usage:
  Non-class:     33.43 MB used.
      Class:      3.97 MB used.
       Both:     37.40 MB used.

Virtual space:
  Non-class space:       64.00 MB reserved,      34.06 MB ( 53%) committed,  1 nodes.
      Class space:        1.00 GB reserved,       4.50 MB ( <1%) committed,  1 nodes.
             Both:        1.06 GB reserved,      38.56 MB (  4%) committed. 

Chunk freelists:
   Non-Class:  13.75 MB
       Class:  11.50 MB
        Both:  25.25 MB

MaxMetaspaceSize: unlimited
CompressedClassSpaceSize: 1.00 GB
Initial GC threshold: 21.00 MB
Current GC threshold: 58.38 MB
CDS: on
 - commit_granule_bytes: 65536.
 - commit_granule_words: 8192.
 - virtual_space_node_default_size: 8388608.
 - enlarge_chunks_in_place: 1.
 - use_allocation_guard: 0.


Internal statistics:

num_allocs_failed_limit: 6.
num_arena_births: 928.
num_arena_deaths: 14.
num_vsnodes_births: 2.
num_vsnodes_deaths: 0.
num_space_committed: 617.
num_space_uncommitted: 0.
num_chunks_returned_to_freelist: 20.
num_chunks_taken_from_freelist: 2673.
num_chunk_merges: 9.
num_chunk_splits: 1643.
num_chunks_enlarged: 894.
num_inconsistent_stats: 0.

CodeHeap 'non-profiled nmethods': size=120000Kb used=1930Kb max_used=2284Kb free=118069Kb
 bounds [0x000002136aef0000, 0x000002136b160000, 0x0000021372420000]
CodeHeap 'profiled nmethods': size=120000Kb used=9034Kb max_used=9918Kb free=110965Kb
 bounds [0x0000021363420000, 0x0000021363dd0000, 0x000002136a950000]
CodeHeap 'non-nmethods': size=5760Kb used=1362Kb max_used=1419Kb free=4397Kb
 bounds [0x000002136a950000, 0x000002136abc0000, 0x000002136aef0000]
CodeCache: size=245760Kb, used=12326Kb, max_used=13621Kb, free=233431Kb
 total_blobs=5020, nmethods=4362, adapters=564, full_count=0
Compilation: enabled, stopped_count=0, restarted_count=0

Compilation events (20 events):
Event: 21.225 Thread 0x00000213602dc120 nmethod 4940 0x00000213634ec810 code [0x00000213634eca20, 0x00000213634ed128]
Event: 21.232 Thread 0x00000213602dc120 4943   !   3       org.eclipse.osgi.internal.hooks.EclipseLazyStarter::postFindLocalClass (394 bytes)
Event: 21.234 Thread 0x00000213602dc120 nmethod 4943 0x00000213635bf210 code [0x00000213635bf760, 0x00000213635c2738]
Event: 21.234 Thread 0x00000213602dc120 4944       2       org.codehaus.plexus.util.xml.pull.MXParser::parseStartTag (1205 bytes)
Event: 21.237 Thread 0x00000213602dc120 nmethod 4944 0x00000213634edd90 code [0x00000213634ee4c0, 0x00000213634f1440]
Event: 21.237 Thread 0x00000213602dc120 4945       2       org.codehaus.plexus.util.xml.pull.MXParser::parseEndTag (438 bytes)
Event: 21.239 Thread 0x00000213602dc120 nmethod 4945 0x000002136342b690 code [0x000002136342bb00, 0x000002136342ce88]
Event: 21.239 Thread 0x00000213602dc120 4946       2       org.codehaus.plexus.util.xml.pull.MXParser::isNameStartChar (56 bytes)
Event: 21.239 Thread 0x00000213602dc120 nmethod 4946 0x00000213634ec310 code [0x00000213634ec4a0, 0x00000213634ec628]
Event: 21.240 Thread 0x00000213602dc120 4947       1       org.codehaus.plexus.util.xml.pull.MXParser::getEventType (5 bytes)
Event: 21.241 Thread 0x00000213602dc120 nmethod 4947 0x000002136af67010 code [0x000002136af671a0, 0x000002136af67268]
Event: 21.241 Thread 0x00000213602dc120 4949       3       org.codehaus.plexus.util.xml.pull.MXParser::isS (30 bytes)
Event: 21.241 Thread 0x00000213602dc120 nmethod 4949 0x0000021363434990 code [0x0000021363434b40, 0x0000021363434d10]
Event: 21.241 Thread 0x00000213602dc120 4948       2       org.codehaus.plexus.util.xml.pull.MXParser::getName (84 bytes)
Event: 21.241 Thread 0x00000213602dc120 nmethod 4948 0x00000213634b5490 code [0x00000213634b5660, 0x00000213634b58d8]
Event: 21.242 Thread 0x00000213602dc120 4950       3       java.lang.String::decodeASCII (46 bytes)
Event: 21.242 Thread 0x00000213602dc120 nmethod 4950 0x00000213634b4e90 code [0x00000213634b5060, 0x00000213634b5308]
Event: 21.242 Thread 0x00000213602dc120 4952       3       java.lang.System$2::decodeASCII (11 bytes)
Event: 21.242 Thread 0x00000213602dc120 nmethod 4952 0x00000213634b4a90 code [0x00000213634b4c40, 0x00000213634b4d88]
Event: 21.242 Thread 0x00000213602dc120 4953   !   3       sun.nio.cs.StreamDecoder::read0 (59 bytes)

GC Heap History (20 events):
Event: 18.590 GC heap before
{Heap before GC invocations=7 (full 0):
 PSYoungGen      total 29696K, used 23899K [0x00000000d5580000, 0x00000000d7880000, 0x0000000100000000)
  eden space 24576K, 77% used [0x00000000d5580000,0x00000000d6823380,0x00000000d6d80000)
  from space 5120K, 94% used [0x00000000d7380000,0x00000000d7833a50,0x00000000d7880000)
  to   space 5120K, 0% used [0x00000000d6e80000,0x00000000d6e80000,0x00000000d7380000)
 ParOldGen       total 68608K, used 7840K [0x0000000080000000, 0x0000000084300000, 0x00000000d5580000)
  object space 68608K, 11% used [0x0000000080000000,0x00000000807a8018,0x0000000084300000)
 Metaspace       used 20619K, committed 21504K, reserved 1114112K
  class space    used 2211K, committed 2624K, reserved 1048576K
}
Event: 18.592 GC heap after
{Heap after GC invocations=7 (full 0):
 PSYoungGen      total 29184K, used 4503K [0x00000000d5580000, 0x00000000d7780000, 0x0000000100000000)
  eden space 24576K, 0% used [0x00000000d5580000,0x00000000d5580000,0x00000000d6d80000)
  from space 4608K, 97% used [0x00000000d6e80000,0x00000000d72e5d08,0x00000000d7300000)
  to   space 4608K, 0% used [0x00000000d7300000,0x00000000d7300000,0x00000000d7780000)
 ParOldGen       total 68608K, used 9316K [0x0000000080000000, 0x0000000084300000, 0x00000000d5580000)
  object space 68608K, 13% used [0x0000000080000000,0x0000000080919008,0x0000000084300000)
 Metaspace       used 20619K, committed 21504K, reserved 1114112K
  class space    used 2211K, committed 2624K, reserved 1048576K
}
Event: 18.592 GC heap before
{Heap before GC invocations=8 (full 1):
 PSYoungGen      total 29184K, used 4503K [0x00000000d5580000, 0x00000000d7780000, 0x0000000100000000)
  eden space 24576K, 0% used [0x00000000d5580000,0x00000000d5580000,0x00000000d6d80000)
  from space 4608K, 97% used [0x00000000d6e80000,0x00000000d72e5d08,0x00000000d7300000)
  to   space 4608K, 0% used [0x00000000d7300000,0x00000000d7300000,0x00000000d7780000)
 ParOldGen       total 68608K, used 9316K [0x0000000080000000, 0x0000000084300000, 0x00000000d5580000)
  object space 68608K, 13% used [0x0000000080000000,0x0000000080919008,0x0000000084300000)
 Metaspace       used 20619K, committed 21504K, reserved 1114112K
  class space    used 2211K, committed 2624K, reserved 1048576K
}
Event: 18.616 GC heap after
{Heap after GC invocations=8 (full 1):
 PSYoungGen      total 29184K, used 0K [0x00000000d5580000, 0x00000000d7780000, 0x0000000100000000)
  eden space 24576K, 0% used [0x00000000d5580000,0x00000000d5580000,0x00000000d6d80000)
  from space 4608K, 0% used [0x00000000d6e80000,0x00000000d6e80000,0x00000000d7300000)
  to   space 4608K, 0% used [0x00000000d7300000,0x00000000d7300000,0x00000000d7780000)
 ParOldGen       total 68608K, used 13206K [0x0000000080000000, 0x0000000084300000, 0x00000000d5580000)
  object space 68608K, 19% used [0x0000000080000000,0x0000000080ce5bc0,0x0000000084300000)
 Metaspace       used 20606K, committed 21504K, reserved 1114112K
  class space    used 2208K, committed 2624K, reserved 1048576K
}
Event: 18.816 GC heap before
{Heap before GC invocations=9 (full 1):
 PSYoungGen      total 29184K, used 24576K [0x00000000d5580000, 0x00000000d7780000, 0x0000000100000000)
  eden space 24576K, 100% used [0x00000000d5580000,0x00000000d6d80000,0x00000000d6d80000)
  from space 4608K, 0% used [0x00000000d6e80000,0x00000000d6e80000,0x00000000d7300000)
  to   space 4608K, 0% used [0x00000000d7300000,0x00000000d7300000,0x00000000d7780000)
 ParOldGen       total 68608K, used 13206K [0x0000000080000000, 0x0000000084300000, 0x00000000d5580000)
  object space 68608K, 19% used [0x0000000080000000,0x0000000080ce5bc0,0x0000000084300000)
 Metaspace       used 22737K, committed 23616K, reserved 1114112K
  class space    used 2390K, committed 2752K, reserved 1048576K
}
Event: 18.817 GC heap after
{Heap after GC invocations=9 (full 1):
 PSYoungGen      total 25600K, used 1025K [0x00000000d5580000, 0x00000000d7480000, 0x0000000100000000)
  eden space 24064K, 0% used [0x00000000d5580000,0x00000000d5580000,0x00000000d6d00000)
  from space 1536K, 66% used [0x00000000d7300000,0x00000000d7400400,0x00000000d7480000)
  to   space 2560K, 0% used [0x00000000d6f80000,0x00000000d6f80000,0x00000000d7200000)
 ParOldGen       total 68608K, used 13214K [0x0000000080000000, 0x0000000084300000, 0x00000000d5580000)
  object space 68608K, 19% used [0x0000000080000000,0x0000000080ce7bc0,0x0000000084300000)
 Metaspace       used 22737K, committed 23616K, reserved 1114112K
  class space    used 2390K, committed 2752K, reserved 1048576K
}
Event: 18.994 GC heap before
{Heap before GC invocations=10 (full 1):
 PSYoungGen      total 25600K, used 25089K [0x00000000d5580000, 0x00000000d7480000, 0x0000000100000000)
  eden space 24064K, 100% used [0x00000000d5580000,0x00000000d6d00000,0x00000000d6d00000)
  from space 1536K, 66% used [0x00000000d7300000,0x00000000d7400400,0x00000000d7480000)
  to   space 2560K, 0% used [0x00000000d6f80000,0x00000000d6f80000,0x00000000d7200000)
 ParOldGen       total 68608K, used 13214K [0x0000000080000000, 0x0000000084300000, 0x00000000d5580000)
  object space 68608K, 19% used [0x0000000080000000,0x0000000080ce7bc0,0x0000000084300000)
 Metaspace       used 26449K, committed 27328K, reserved 1114112K
  class space    used 2659K, committed 3008K, reserved 1048576K
}
Event: 18.995 GC heap after
{Heap after GC invocations=10 (full 1):
 PSYoungGen      total 26112K, used 1160K [0x00000000d5580000, 0x00000000d7380000, 0x0000000100000000)
  eden space 23552K, 0% used [0x00000000d5580000,0x00000000d5580000,0x00000000d6c80000)
  from space 2560K, 45% used [0x00000000d6f80000,0x00000000d70a2358,0x00000000d7200000)
  to   space 1536K, 0% used [0x00000000d7200000,0x00000000d7200000,0x00000000d7380000)
 ParOldGen       total 68608K, used 13214K [0x0000000080000000, 0x0000000084300000, 0x00000000d5580000)
  object space 68608K, 19% used [0x0000000080000000,0x0000000080ce7bc0,0x0000000084300000)
 Metaspace       used 26449K, committed 27328K, reserved 1114112K
  class space    used 2659K, committed 3008K, reserved 1048576K
}
Event: 19.201 GC heap before
{Heap before GC invocations=11 (full 1):
 PSYoungGen      total 26112K, used 24712K [0x00000000d5580000, 0x00000000d7380000, 0x0000000100000000)
  eden space 23552K, 100% used [0x00000000d5580000,0x00000000d6c80000,0x00000000d6c80000)
  from space 2560K, 45% used [0x00000000d6f80000,0x00000000d70a2358,0x00000000d7200000)
  to   space 1536K, 0% used [0x00000000d7200000,0x00000000d7200000,0x00000000d7380000)
 ParOldGen       total 68608K, used 13214K [0x0000000080000000, 0x0000000084300000, 0x00000000d5580000)
  object space 68608K, 19% used [0x0000000080000000,0x0000000080ce7bc0,0x0000000084300000)
 Metaspace       used 28013K, committed 29056K, reserved 1114112K
  class space    used 2780K, committed 3200K, reserved 1048576K
}
Event: 19.202 GC heap after
{Heap after GC invocations=11 (full 1):
 PSYoungGen      total 24576K, used 1254K [0x00000000d5580000, 0x00000000d7380000, 0x0000000100000000)
  eden space 23040K, 0% used [0x00000000d5580000,0x00000000d5580000,0x00000000d6c00000)
  from space 1536K, 81% used [0x00000000d7200000,0x00000000d7339a20,0x00000000d7380000)
  to   space 1536K, 0% used [0x00000000d7080000,0x00000000d7080000,0x00000000d7200000)
 ParOldGen       total 68608K, used 15594K [0x0000000080000000, 0x0000000084300000, 0x00000000d5580000)
  object space 68608K, 22% used [0x0000000080000000,0x0000000080f3a918,0x0000000084300000)
 Metaspace       used 28013K, committed 29056K, reserved 1114112K
  class space    used 2780K, committed 3200K, reserved 1048576K
}
Event: 19.493 GC heap before
{Heap before GC invocations=12 (full 1):
 PSYoungGen      total 24576K, used 24291K [0x00000000d5580000, 0x00000000d7380000, 0x0000000100000000)
  eden space 23040K, 99% used [0x00000000d5580000,0x00000000d6bff398,0x00000000d6c00000)
  from space 1536K, 81% used [0x00000000d7200000,0x00000000d7339a20,0x00000000d7380000)
  to   space 1536K, 0% used [0x00000000d7080000,0x00000000d7080000,0x00000000d7200000)
 ParOldGen       total 68608K, used 15594K [0x0000000080000000, 0x0000000084300000, 0x00000000d5580000)
  object space 68608K, 22% used [0x0000000080000000,0x0000000080f3a918,0x0000000084300000)
 Metaspace       used 31326K, committed 32384K, reserved 1114112K
  class space    used 3149K, committed 3584K, reserved 1048576K
}
Event: 19.494 GC heap after
{Heap after GC invocations=12 (full 1):
 PSYoungGen      total 24064K, used 1522K [0x00000000d5580000, 0x00000000d7280000, 0x0000000100000000)
  eden space 22528K, 0% used [0x00000000d5580000,0x00000000d5580000,0x00000000d6b80000)
  from space 1536K, 99% used [0x00000000d7080000,0x00000000d71fcb08,0x00000000d7200000)
  to   space 512K, 0% used [0x00000000d7200000,0x00000000d7200000,0x00000000d7280000)
 ParOldGen       total 68608K, used 17109K [0x0000000080000000, 0x0000000084300000, 0x00000000d5580000)
  object space 68608K, 24% used [0x0000000080000000,0x00000000810b5510,0x0000000084300000)
 Metaspace       used 31326K, committed 32384K, reserved 1114112K
  class space    used 3149K, committed 3584K, reserved 1048576K
}
Event: 19.713 GC heap before
{Heap before GC invocations=13 (full 1):
 PSYoungGen      total 24064K, used 24050K [0x00000000d5580000, 0x00000000d7280000, 0x0000000100000000)
  eden space 22528K, 100% used [0x00000000d5580000,0x00000000d6b80000,0x00000000d6b80000)
  from space 1536K, 99% used [0x00000000d7080000,0x00000000d71fcb08,0x00000000d7200000)
  to   space 512K, 0% used [0x00000000d7200000,0x00000000d7200000,0x00000000d7280000)
 ParOldGen       total 68608K, used 17109K [0x0000000080000000, 0x0000000084300000, 0x00000000d5580000)
  object space 68608K, 24% used [0x0000000080000000,0x00000000810b5510,0x0000000084300000)
 Metaspace       used 34082K, committed 35200K, reserved 1114112K
  class space    used 3488K, committed 3968K, reserved 1048576K
}
Event: 19.716 GC heap after
{Heap after GC invocations=13 (full 1):
 PSYoungGen      total 22528K, used 512K [0x00000000d5580000, 0x00000000d7280000, 0x0000000100000000)
  eden space 22016K, 0% used [0x00000000d5580000,0x00000000d5580000,0x00000000d6b00000)
  from space 512K, 100% used [0x00000000d7200000,0x00000000d7280000,0x00000000d7280000)
  to   space 3584K, 0% used [0x00000000d6b80000,0x00000000d6b80000,0x00000000d6f00000)
 ParOldGen       total 68608K, used 19885K [0x0000000080000000, 0x0000000084300000, 0x00000000d5580000)
  object space 68608K, 28% used [0x0000000080000000,0x000000008136b630,0x0000000084300000)
 Metaspace       used 34082K, committed 35200K, reserved 1114112K
  class space    used 3488K, committed 3968K, reserved 1048576K
}
Event: 19.766 GC heap before
{Heap before GC invocations=14 (full 1):
 PSYoungGen      total 22528K, used 6856K [0x00000000d5580000, 0x00000000d7280000, 0x0000000100000000)
  eden space 22016K, 28% used [0x00000000d5580000,0x00000000d5bb2070,0x00000000d6b00000)
  from space 512K, 100% used [0x00000000d7200000,0x00000000d7280000,0x00000000d7280000)
  to   space 3584K, 0% used [0x00000000d6b80000,0x00000000d6b80000,0x00000000d6f00000)
 ParOldGen       total 68608K, used 19885K [0x0000000080000000, 0x0000000084300000, 0x00000000d5580000)
  object space 68608K, 28% used [0x0000000080000000,0x000000008136b630,0x0000000084300000)
 Metaspace       used 34705K, committed 35840K, reserved 1114112K
  class space    used 3588K, committed 4096K, reserved 1048576K
}
Event: 19.767 GC heap after
{Heap after GC invocations=14 (full 1):
 PSYoungGen      total 25600K, used 448K [0x00000000d5580000, 0x00000000d7280000, 0x0000000100000000)
  eden space 22016K, 0% used [0x00000000d5580000,0x00000000d5580000,0x00000000d6b00000)
  from space 3584K, 12% used [0x00000000d6b80000,0x00000000d6bf0000,0x00000000d6f00000)
  to   space 1536K, 0% used [0x00000000d7100000,0x00000000d7100000,0x00000000d7280000)
 ParOldGen       total 68608K, used 20390K [0x0000000080000000, 0x0000000084300000, 0x00000000d5580000)
  object space 68608K, 29% used [0x0000000080000000,0x00000000813e9890,0x0000000084300000)
 Metaspace       used 34705K, committed 35840K, reserved 1114112K
  class space    used 3588K, committed 4096K, reserved 1048576K
}
Event: 19.767 GC heap before
{Heap before GC invocations=15 (full 2):
 PSYoungGen      total 25600K, used 448K [0x00000000d5580000, 0x00000000d7280000, 0x0000000100000000)
  eden space 22016K, 0% used [0x00000000d5580000,0x00000000d5580000,0x00000000d6b00000)
  from space 3584K, 12% used [0x00000000d6b80000,0x00000000d6bf0000,0x00000000d6f00000)
  to   space 1536K, 0% used [0x00000000d7100000,0x00000000d7100000,0x00000000d7280000)
 ParOldGen       total 68608K, used 20390K [0x0000000080000000, 0x0000000084300000, 0x00000000d5580000)
  object space 68608K, 29% used [0x0000000080000000,0x00000000813e9890,0x0000000084300000)
 Metaspace       used 34705K, committed 35840K, reserved 1114112K
  class space    used 3588K, committed 4096K, reserved 1048576K
}
Event: 19.795 GC heap after
{Heap after GC invocations=15 (full 2):
 PSYoungGen      total 25600K, used 0K [0x00000000d5580000, 0x00000000d7280000, 0x0000000100000000)
  eden space 22016K, 0% used [0x00000000d5580000,0x00000000d5580000,0x00000000d6b00000)
  from space 3584K, 0% used [0x00000000d6b80000,0x00000000d6b80000,0x00000000d6f00000)
  to   space 1536K, 0% used [0x00000000d7100000,0x00000000d7100000,0x00000000d7280000)
 ParOldGen       total 68608K, used 19813K [0x0000000080000000, 0x0000000084300000, 0x00000000d5580000)
  object space 68608K, 28% used [0x0000000080000000,0x0000000081359590,0x0000000084300000)
 Metaspace       used 34705K, committed 35840K, reserved 1114112K
  class space    used 3588K, committed 4096K, reserved 1048576K
}
Event: 20.085 GC heap before
{Heap before GC invocations=16 (full 2):
 PSYoungGen      total 25600K, used 22016K [0x00000000d5580000, 0x00000000d7280000, 0x0000000100000000)
  eden space 22016K, 100% used [0x00000000d5580000,0x00000000d6b00000,0x00000000d6b00000)
  from space 3584K, 0% used [0x00000000d6b80000,0x00000000d6b80000,0x00000000d6f00000)
  to   space 1536K, 0% used [0x00000000d7100000,0x00000000d7100000,0x00000000d7280000)
 ParOldGen       total 68608K, used 19813K [0x0000000080000000, 0x0000000084300000, 0x00000000d5580000)
  object space 68608K, 28% used [0x0000000080000000,0x0000000081359590,0x0000000084300000)
 Metaspace       used 37454K, committed 38656K, reserved 1114112K
  class space    used 3938K, committed 4480K, reserved 1048576K
}
Event: 20.086 GC heap after
{Heap after GC invocations=16 (full 2):
 PSYoungGen      total 23552K, used 1513K [0x00000000d5580000, 0x00000000d7280000, 0x0000000100000000)
  eden space 22016K, 0% used [0x00000000d5580000,0x00000000d5580000,0x00000000d6b00000)
  from space 1536K, 98% used [0x00000000d7100000,0x00000000d727a4b0,0x00000000d7280000)
  to   space 2048K, 0% used [0x00000000d6e80000,0x00000000d6e80000,0x00000000d7080000)
 ParOldGen       total 68608K, used 20014K [0x0000000080000000, 0x0000000084300000, 0x00000000d5580000)
  object space 68608K, 29% used [0x0000000080000000,0x000000008138ba40,0x0000000084300000)
 Metaspace       used 37454K, committed 38656K, reserved 1114112K
  class space    used 3938K, committed 4480K, reserved 1048576K
}

Dll operation events (10 events):
Event: 0.055 Loaded shared library c:\Users\xdele\.windsurf\extensions\redhat.java-1.53.0-win32-x64\jre\21.0.10-win32-x86_64\bin\java.dll
Event: 0.186 Loaded shared library c:\Users\xdele\.windsurf\extensions\redhat.java-1.53.0-win32-x64\jre\21.0.10-win32-x86_64\bin\zip.dll
Event: 0.208 Loaded shared library C:\Users\xdele\.windsurf\extensions\redhat.java-1.53.0-win32-x64\jre\21.0.10-win32-x86_64\bin\instrument.dll
Event: 0.263 Loaded shared library C:\Users\xdele\.windsurf\extensions\redhat.java-1.53.0-win32-x64\jre\21.0.10-win32-x86_64\bin\net.dll
Event: 0.317 Loaded shared library C:\Users\xdele\.windsurf\extensions\redhat.java-1.53.0-win32-x64\jre\21.0.10-win32-x86_64\bin\nio.dll
Event: 0.322 Loaded shared library C:\Users\xdele\.windsurf\extensions\redhat.java-1.53.0-win32-x64\jre\21.0.10-win32-x86_64\bin\zip.dll
Event: 0.345 Loaded shared library C:\Users\xdele\.windsurf\extensions\redhat.java-1.53.0-win32-x64\jre\21.0.10-win32-x86_64\bin\jimage.dll
Event: 0.489 Loaded shared library c:\Users\xdele\.windsurf\extensions\redhat.java-1.53.0-win32-x64\jre\21.0.10-win32-x86_64\bin\verify.dll
Event: 6.942 Loaded shared library C:\Users\xdele\AppData\Roaming\Windsurf\User\globalStorage\redhat.java\1.53.0\config_win\org.eclipse.equinox.launcher\org.eclipse.equinox.launcher.win32.win32.x86_64_1.3.0.v20260203-2149\eclipse_11919.dll
Event: 18.064 Loaded shared library C:\Users\xdele\AppData\Local\Temp\jna-113902130\jna11908230931024070206.dll

Deoptimization events (20 events):
Event: 19.891 Thread 0x000002137dc48530 DEOPT PACKING pc=0x0000021363a1ab3e sp=0x00000084593fe3b0
Event: 19.891 Thread 0x000002137dc48530 DEOPT UNPACKING pc=0x000002136a9a4242 sp=0x00000084593fd8f0 mode 0
Event: 20.062 Thread 0x00000213423c17b0 Uncommon trap: trap_request=0xffffff45 fr.pc=0x000002136b0d06b4 relative=0x0000000000000bf4
Event: 20.062 Thread 0x00000213423c17b0 Uncommon trap: reason=unstable_if action=reinterpret pc=0x000002136b0d06b4 method=org.eclipse.osgi.internal.loader.BundleLoader.getPackageName(Ljava/lang/String;)Ljava/lang/String; @ 12 c2
Event: 20.062 Thread 0x00000213423c17b0 DEOPT PACKING pc=0x000002136b0d06b4 sp=0x000000845aafdb70
Event: 20.062 Thread 0x00000213423c17b0 DEOPT UNPACKING pc=0x000002136a9a3aa2 sp=0x000000845aafdae0 mode 2
Event: 21.194 Thread 0x00000213423c17b0 DEOPT PACKING pc=0x0000021363a3731f sp=0x000000845aafde20
Event: 21.194 Thread 0x00000213423c17b0 DEOPT UNPACKING pc=0x000002136a9a4242 sp=0x000000845aafd2f8 mode 0
Event: 21.227 Thread 0x00000213423c17b0 Uncommon trap: trap_request=0xfffffff4 fr.pc=0x000002136b099b28 relative=0x0000000000000368
Event: 21.227 Thread 0x00000213423c17b0 Uncommon trap: reason=null_check action=make_not_entrant pc=0x000002136b099b28 method=sun.invoke.util.VerifyType.isNullConversion(Ljava/lang/Class;Ljava/lang/Class;Z)Z @ 12 c2
Event: 21.227 Thread 0x00000213423c17b0 DEOPT PACKING pc=0x000002136b099b28 sp=0x000000845aafc8a0
Event: 21.227 Thread 0x00000213423c17b0 DEOPT UNPACKING pc=0x000002136a9a3aa2 sp=0x000000845aafc828 mode 2
Event: 21.228 Thread 0x00000213423c17b0 Uncommon trap: trap_request=0xffffff45 fr.pc=0x000002136af57b28 relative=0x0000000000000108
Event: 21.228 Thread 0x00000213423c17b0 Uncommon trap: reason=unstable_if action=reinterpret pc=0x000002136af57b28 method=jdk.internal.org.objectweb.asm.ByteVector.putShort(I)Ljdk/internal/org/objectweb/asm/ByteVector; @ 13 c2
Event: 21.228 Thread 0x00000213423c17b0 DEOPT PACKING pc=0x000002136af57b28 sp=0x000000845aafc4a0
Event: 21.228 Thread 0x00000213423c17b0 DEOPT UNPACKING pc=0x000002136a9a3aa2 sp=0x000000845aafc428 mode 2
Event: 21.239 Thread 0x000002137dc49f70 Uncommon trap: trap_request=0xffffff45 fr.pc=0x000002136b02c6d4 relative=0x0000000000000134
Event: 21.239 Thread 0x000002137dc49f70 Uncommon trap: reason=unstable_if action=reinterpret pc=0x000002136b02c6d4 method=java.util.ArrayList.indexOfRange(Ljava/lang/Object;II)I @ 7 c2
Event: 21.239 Thread 0x000002137dc49f70 DEOPT PACKING pc=0x000002136b02c6d4 sp=0x0000008459afdfc0
Event: 21.239 Thread 0x000002137dc49f70 DEOPT UNPACKING pc=0x000002136a9a3aa2 sp=0x0000008459afde80 mode 2

Classes loaded (20 events):
Event: 19.943 Loading class sun/reflect/annotation/TypeAnnotation
Event: 19.943 Loading class sun/reflect/annotation/TypeAnnotation done
Event: 19.943 Loading class sun/reflect/annotation/TypeAnnotation$TypeAnnotationTarget
Event: 19.943 Loading class sun/reflect/annotation/TypeAnnotation$TypeAnnotationTarget done
Event: 19.943 Loading class sun/reflect/annotation/TypeAnnotation$LocationInfo
Event: 19.943 Loading class sun/reflect/annotation/TypeAnnotation$LocationInfo done
Event: 19.944 Loading class sun/reflect/annotation/TypeAnnotation$LocationInfo$Location
Event: 19.944 Loading class sun/reflect/annotation/TypeAnnotation$LocationInfo$Location done
Event: 19.944 Loading class sun/reflect/annotation/AnnotatedTypeFactory
Event: 19.944 Loading class sun/reflect/annotation/AnnotatedTypeFactory done
Event: 19.944 Loading class sun/reflect/annotation/AnnotatedTypeFactory$AnnotatedTypeBaseImpl
Event: 19.945 Loading class sun/reflect/annotation/AnnotatedTypeFactory$AnnotatedTypeBaseImpl done
Event: 20.065 Loading class java/lang/annotation/ElementType
Event: 20.065 Loading class java/lang/annotation/ElementType done
Event: 20.076 Loading class java/util/concurrent/ForkJoinTask$AdaptedCallable
Event: 20.076 Loading class java/util/concurrent/ForkJoinTask$AdaptedCallable done
Event: 21.207 Loading class java/lang/annotation/IncompleteAnnotationException
Event: 21.208 Loading class java/lang/annotation/IncompleteAnnotationException done
Event: 21.226 Loading class java/lang/invoke/MethodHandleImpl$CountingWrapper
Event: 21.226 Loading class java/lang/invoke/MethodHandleImpl$CountingWrapper done

Classes unloaded (7 events):
Event: 18.594 Thread 0x00000213602beb60 Unloading class 0x00000213011a9400 'java/lang/invoke/LambdaForm$MH+0x00000213011a9400'
Event: 18.594 Thread 0x00000213602beb60 Unloading class 0x00000213011a9000 'java/lang/invoke/LambdaForm$MH+0x00000213011a9000'
Event: 18.594 Thread 0x00000213602beb60 Unloading class 0x00000213011a8c00 'java/lang/invoke/LambdaForm$MH+0x00000213011a8c00'
Event: 18.594 Thread 0x00000213602beb60 Unloading class 0x00000213011a8800 'java/lang/invoke/LambdaForm$MH+0x00000213011a8800'
Event: 18.594 Thread 0x00000213602beb60 Unloading class 0x00000213011a8400 'java/lang/invoke/LambdaForm$BMH+0x00000213011a8400'
Event: 18.594 Thread 0x00000213602beb60 Unloading class 0x00000213011a8000 'java/lang/invoke/LambdaForm$DMH+0x00000213011a8000'
Event: 18.594 Thread 0x00000213602beb60 Unloading class 0x00000213011a6c00 'java/lang/invoke/LambdaForm$DMH+0x00000213011a6c00'

Classes redefined (0 events):
No events

Internal exceptions (20 events):
Event: 19.676 Thread 0x000002137dc48530 Exception <a 'sun/nio/fs/WindowsException'{0x00000000d68ade68}> (0x00000000d68ade68) 
thrown [s\src\hotspot\share\prims\jni.cpp, line 520]
Event: 19.719 Thread 0x000002137dc49f70 Exception <a 'java/lang/NoSuchMethodError'{0x00000000d55beb78}: 'java.lang.Object java.lang.invoke.DirectMethodHandle$Holder.invokeSpecialIFC(java.lang.Object, java.lang.Object, java.lang.Object, java.lang.Object)'> (0x00000000d55beb78) 
thrown [s\src\hotspot\share\interpreter\linkResolver.cpp, line 773]
Event: 19.759 Thread 0x000002136021ef40 Exception <a 'java/lang/NoSuchMethodError'{0x00000000d5ad8460}: 'void java.lang.invoke.DirectMethodHandle$Holder.invokeSpecial(java.lang.Object, java.lang.Object, java.lang.Object, java.lang.Object, java.lang.Object, java.lang.Object)'> (0x00000000d5ad8460) 
thrown [s\src\hotspot\share\interpreter\linkResolver.cpp, line 773]
Event: 19.760 Thread 0x000002136021ef40 Exception <a 'java/lang/IncompatibleClassChangeError'{0x00000000d5aebe38}: Found class java.lang.Object, but interface was expected> (0x00000000d5aebe38) 
thrown [s\src\hotspot\share\interpreter\linkResolver.cpp, line 840]
Event: 19.761 Thread 0x000002136021ef40 Exception <a 'java/lang/IncompatibleClassChangeError'{0x00000000d5aedcf8}: Found class java.lang.Object, but interface was expected> (0x00000000d5aedcf8) 
thrown [s\src\hotspot\share\interpreter\linkResolver.cpp, line 840]
Event: 19.875 Thread 0x000002137dc48530 Exception <a 'sun/nio/fs/WindowsException'{0x00000000d5eadd40}> (0x00000000d5eadd40) 
thrown [s\src\hotspot\share\prims\jni.cpp, line 520]
Event: 19.899 Thread 0x000002137dc48530 Exception <a 'java/io/FileNotFoundException'{0x00000000d606dec0}> (0x00000000d606dec0) 
thrown [s\src\hotspot\share\prims\jni.cpp, line 520]
Event: 19.900 Thread 0x000002137dc48530 Exception <a 'java/io/FileNotFoundException'{0x00000000d606f4b0}> (0x00000000d606f4b0) 
thrown [s\src\hotspot\share\prims\jni.cpp, line 520]
Event: 19.902 Thread 0x000002137dc48530 Exception <a 'java/lang/NoSuchMethodError'{0x00000000d60a7a40}: 'java.lang.Object java.lang.invoke.DirectMethodHandle$Holder.newInvokeSpecial(java.lang.Object, java.lang.Object, java.lang.Object, int)'> (0x00000000d60a7a40) 
thrown [s\src\hotspot\share\interpreter\linkResolver.cpp, line 773]
Event: 19.902 Thread 0x000002137dc48530 Exception <a 'java/lang/NoSuchMethodError'{0x00000000d60bfb40}: 'java.lang.Object java.lang.invoke.DirectMethodHandle$Holder.invokeSpecial(java.lang.Object, java.lang.Object, java.lang.Object, java.lang.Object, int)'> (0x00000000d60bfb40) 
thrown [s\src\hotspot\share\interpreter\linkResolver.cpp, line 773]
Event: 19.903 Thread 0x000002137dc48530 Exception <a 'java/lang/NoSuchMethodError'{0x00000000d60c2fe8}: 'java.lang.Object java.lang.invoke.Invokers$Holder.linkToTargetMethod(java.lang.Object, java.lang.Object, int, java.lang.Object)'> (0x00000000d60c2fe8) 
thrown [s\src\hotspot\share\interpreter\linkResolver.cpp, line 773]
Event: 19.905 Thread 0x000002137dc48530 Exception <a 'java/lang/NoSuchMethodError'{0x00000000d60cf1a0}: 'void java.lang.invoke.DirectMethodHandle$Holder.invokeStaticInit(java.lang.Object, java.lang.Object, java.lang.Object)'> (0x00000000d60cf1a0) 
thrown [s\src\hotspot\share\interpreter\linkResolver.cpp, line 773]
Event: 20.074 Thread 0x000002137dc48530 Exception <a 'java/io/FileNotFoundException'{0x00000000d68962b0}> (0x00000000d68962b0) 
thrown [s\src\hotspot\share\prims\jni.cpp, line 520]
Event: 20.075 Thread 0x000002137dc48530 Exception <a 'java/io/FileNotFoundException'{0x00000000d6897008}> (0x00000000d6897008) 
thrown [s\src\hotspot\share\prims\jni.cpp, line 520]
Event: 21.195 Thread 0x00000213423c17b0 Exception <a 'java/io/FileNotFoundException'{0x00000000d5f42430}> (0x00000000d5f42430) 
thrown [s\src\hotspot\share\prims\jni.cpp, line 520]
Event: 21.208 Thread 0x000002137dc49f70 Exception <a 'java/lang/NoClassDefFoundError'{0x00000000d606fc78}: javax/enterprise/inject/Typed> (0x00000000d606fc78) 
thrown [s\src\hotspot\share\classfile\systemDictionary.cpp, line 301]
Event: 21.225 Thread 0x00000213423c17b0 Exception <a 'java/lang/NoSuchMethodError'{0x00000000d61cc758}: 'java.lang.Object java.lang.invoke.DirectMethodHandle$Holder.invokeStatic(java.lang.Object, int, java.lang.Object, java.lang.Object)'> (0x00000000d61cc758) 
thrown [s\src\hotspot\share\interpreter\linkResolver.cpp, line 773]
Event: 21.225 Thread 0x00000213423c17b0 Exception <a 'java/lang/NoSuchMethodError'{0x00000000d61e6ea8}: 'java.lang.Object java.lang.invoke.DelegatingMethodHandle$Holder.delegate(java.lang.Object, int, java.lang.Object, java.lang.Object)'> (0x00000000d61e6ea8) 
thrown [s\src\hotspot\share\interpreter\linkResolver.cpp, line 773]
Event: 21.227 Thread 0x00000213423c17b0 Implicit null exception at 0x000002136b0997f6 to 0x000002136b099b18
Event: 21.229 Thread 0x00000213423c17b0 Exception <a 'java/lang/NoSuchMethodError'{0x00000000d61fa880}: 'int java.lang.invoke.Invokers$Holder.linkToTargetMethod(java.lang.Object, java.lang.Object, java.lang.Object)'> (0x00000000d61fa880) 
thrown [s\src\hotspot\share\interpreter\linkResolver.cpp, line 773]

ZGC Phase Switch (0 events):
No events

VM Operations (20 events):
Event: 19.221 Executing non-safepoint VM operation: HandshakeAllThreads (Deoptimize) done
Event: 19.315 Executing non-safepoint VM operation: HandshakeAllThreads (Deoptimize)
Event: 19.315 Executing non-safepoint VM operation: HandshakeAllThreads (Deoptimize) done
Event: 19.493 Executing safepoint VM operation: ParallelGCFailedAllocation (Allocation Failure)
Event: 19.494 Executing safepoint VM operation: ParallelGCFailedAllocation (Allocation Failure) done
Event: 19.680 Executing non-safepoint VM operation: HandshakeAllThreads (Deoptimize)
Event: 19.681 Executing non-safepoint VM operation: HandshakeAllThreads (Deoptimize) done
Event: 19.713 Executing safepoint VM operation: ParallelGCFailedAllocation (Allocation Failure)
Event: 19.716 Executing safepoint VM operation: ParallelGCFailedAllocation (Allocation Failure) done
Event: 19.766 Executing safepoint VM operation: CollectForMetadataAllocation (Metadata GC Threshold)
Event: 19.795 Executing safepoint VM operation: CollectForMetadataAllocation (Metadata GC Threshold) done
Event: 20.084 Executing safepoint VM operation: ParallelGCFailedAllocation (Allocation Failure)
Event: 20.086 Executing safepoint VM operation: ParallelGCFailedAllocation (Allocation Failure) done
Event: 20.143 Executing non-safepoint VM operation: HandshakeAllThreads (Deoptimize)
Event: 20.143 Executing non-safepoint VM operation: HandshakeAllThreads (Deoptimize) done
Event: 21.155 Executing safepoint VM operation: Cleanup
Event: 21.187 Executing safepoint VM operation: Cleanup done
Event: 21.196 Executing non-safepoint VM operation: HandshakeAllThreads (Deoptimize)
Event: 21.196 Executing non-safepoint VM operation: HandshakeAllThreads (Deoptimize) done
Event: 22.201 Executing safepoint VM operation: Cleanup

Memory protections (0 events):
No events

Nmethod flushes (20 events):
Event: 19.784 Thread 0x00000213602beb60 flushing  nmethod 0x0000021363a6fb10
Event: 19.784 Thread 0x00000213602beb60 flushing  nmethod 0x0000021363a70790
Event: 19.784 Thread 0x00000213602beb60 flushing  nmethod 0x0000021363a70f10
Event: 19.784 Thread 0x00000213602beb60 flushing  nmethod 0x0000021363a72890
Event: 19.784 Thread 0x00000213602beb60 flushing  nmethod 0x0000021363a73690
Event: 19.784 Thread 0x00000213602beb60 flushing  nmethod 0x0000021363a74390
Event: 19.784 Thread 0x00000213602beb60 flushing  nmethod 0x0000021363a74810
Event: 19.784 Thread 0x00000213602beb60 flushing  nmethod 0x0000021363a76610
Event: 19.784 Thread 0x00000213602beb60 flushing  nmethod 0x0000021363a77110
Event: 19.784 Thread 0x00000213602beb60 flushing  nmethod 0x0000021363a93990
Event: 19.784 Thread 0x00000213602beb60 flushing  nmethod 0x0000021363a9af90
Event: 19.784 Thread 0x00000213602beb60 flushing  nmethod 0x0000021363a9e910
Event: 19.784 Thread 0x00000213602beb60 flushing  nmethod 0x0000021363ab0790
Event: 19.784 Thread 0x00000213602beb60 flushing  nmethod 0x0000021363ab1e90
Event: 19.784 Thread 0x00000213602beb60 flushing  nmethod 0x0000021363b08310
Event: 19.784 Thread 0x00000213602beb60 flushing  nmethod 0x0000021363b37790
Event: 19.784 Thread 0x00000213602beb60 flushing  nmethod 0x0000021363b57d10
Event: 19.784 Thread 0x00000213602beb60 flushing  nmethod 0x0000021363b6cc90
Event: 19.784 Thread 0x00000213602beb60 flushing  nmethod 0x0000021363b6d110
Event: 19.784 Thread 0x00000213602beb60 flushing  nmethod 0x0000021363b72710

Events (20 events):
Event: 19.536 Thread 0x000002136021ef40 Thread added: 0x000002137dc4e110
Event: 19.536 Thread 0x000002136021ef40 Thread added: 0x000002137dc4d3f0
Event: 19.536 Thread 0x000002136021ef40 Thread added: 0x000002137dc4da80
Event: 19.536 Thread 0x000002136021ef40 Thread added: 0x000002137dc4f4c0
Event: 19.537 Thread 0x000002136021ef40 Thread added: 0x000002137dc4cd60
Event: 19.537 Thread 0x000002136021ef40 Thread added: 0x000002137dc4e7a0
Event: 19.537 Thread 0x000002136021ef40 Thread added: 0x000002137dc4ee30
Event: 19.537 Thread 0x000002136021ef40 Thread added: 0x00000213423bfd70
Event: 19.558 Thread 0x000002136021ef40 Thread added: 0x00000213423c24d0
Event: 19.821 Thread 0x000002136021ef40 Thread added: 0x00000213423c2b60
Event: 19.821 Thread 0x000002136021ef40 Thread added: 0x00000213423c17b0
Event: 20.080 Thread 0x000002137dc48530 Thread added: 0x00000213423bf6e0
Event: 20.081 Thread 0x00000213423bf6e0 Thread added: 0x00000213423c1e40
Event: 20.083 Thread 0x00000213423c1e40 Thread added: 0x00000213423c31f0
Event: 20.088 Thread 0x00000213423c31f0 Thread added: 0x00000213423c0a90
Event: 20.089 Thread 0x00000213423c0a90 Thread added: 0x00000213423c0400
Event: 20.089 Thread 0x00000213423c0400 Thread added: 0x00000213423c45a0
Event: 20.090 Thread 0x00000213423c45a0 Thread added: 0x00000213423c3880
Event: 20.099 Thread 0x00000213423c3880 Thread added: 0x00000213423c3f10
Event: 20.106 Thread 0x00000213423c3f10 Thread added: 0x00000213423c1120


Dynamic libraries:
0x00007ff6b5520000 - 0x00007ff6b552e000 	c:\Users\xdele\.windsurf\extensions\redhat.java-1.53.0-win32-x64\jre\21.0.10-win32-x86_64\bin\java.exe
0x00007ff88c6a0000 - 0x00007ff88c907000 	C:\WINDOWS\SYSTEM32\ntdll.dll
0x00007ff88b180000 - 0x00007ff88b249000 	C:\WINDOWS\System32\KERNEL32.DLL
0x00007ff8897f0000 - 0x00007ff889bdf000 	C:\WINDOWS\System32\KERNELBASE.dll
0x00007ff88a2f0000 - 0x00007ff88a43b000 	C:\WINDOWS\System32\ucrtbase.dll
0x00007ff83cab0000 - 0x00007ff83cac8000 	c:\Users\xdele\.windsurf\extensions\redhat.java-1.53.0-win32-x64\jre\21.0.10-win32-x86_64\bin\jli.dll
0x00007ff83cd20000 - 0x00007ff83cd3e000 	c:\Users\xdele\.windsurf\extensions\redhat.java-1.53.0-win32-x64\jre\21.0.10-win32-x86_64\bin\VCRUNTIME140.dll
0x00007ff88b250000 - 0x00007ff88b415000 	C:\WINDOWS\System32\USER32.dll
0x00007ff874ec0000 - 0x00007ff875153000 	C:\WINDOWS\WinSxS\amd64_microsoft.windows.common-controls_6595b64144ccf1df_6.0.26100.7309_none_3e05feeae336a044\COMCTL32.dll
0x00007ff88a550000 - 0x00007ff88a5f9000 	C:\WINDOWS\System32\msvcrt.dll
0x00007ff88a2c0000 - 0x00007ff88a2e7000 	C:\WINDOWS\System32\win32u.dll
0x00007ff88abf0000 - 0x00007ff88ac1b000 	C:\WINDOWS\System32\GDI32.dll
0x00007ff889d60000 - 0x00007ff889e8c000 	C:\WINDOWS\System32\gdi32full.dll
0x00007ff88a0d0000 - 0x00007ff88a173000 	C:\WINDOWS\System32\msvcp_win.dll
0x00007ff88bfa0000 - 0x00007ff88bfd1000 	C:\WINDOWS\System32\IMM32.DLL
0x00007ff877610000 - 0x00007ff87761c000 	c:\Users\xdele\.windsurf\extensions\redhat.java-1.53.0-win32-x64\jre\21.0.10-win32-x86_64\bin\vcruntime140_1.dll
0x00007ffff5500000 - 0x00007ffff558d000 	c:\Users\xdele\.windsurf\extensions\redhat.java-1.53.0-win32-x64\jre\21.0.10-win32-x86_64\bin\msvcp140.dll
0x00007fffa36f0000 - 0x00007fffa4491000 	c:\Users\xdele\.windsurf\extensions\redhat.java-1.53.0-win32-x64\jre\21.0.10-win32-x86_64\bin\server\jvm.dll
0x00007ff88bed0000 - 0x00007ff88bf84000 	C:\WINDOWS\System32\ADVAPI32.dll
0x00007ff88bfe0000 - 0x00007ff88c086000 	C:\WINDOWS\System32\sechost.dll
0x00007ff88ae20000 - 0x00007ff88af38000 	C:\WINDOWS\System32\RPCRT4.dll
0x00007ff88b100000 - 0x00007ff88b174000 	C:\WINDOWS\System32\WS2_32.dll
0x00007ff889650000 - 0x00007ff8896ae000 	C:\WINDOWS\SYSTEM32\POWRPROF.dll
0x00007ff87e000000 - 0x00007ff87e035000 	C:\WINDOWS\SYSTEM32\WINMM.dll
0x00007ff8827a0000 - 0x00007ff8827ab000 	C:\WINDOWS\SYSTEM32\VERSION.dll
0x00007ff889630000 - 0x00007ff889644000 	C:\WINDOWS\SYSTEM32\UMPDC.dll
0x00007ff888560000 - 0x00007ff88857b000 	C:\WINDOWS\SYSTEM32\kernel.appcore.dll
0x00007ff876f90000 - 0x00007ff876f9a000 	c:\Users\xdele\.windsurf\extensions\redhat.java-1.53.0-win32-x64\jre\21.0.10-win32-x86_64\bin\jimage.dll
0x00007ff886680000 - 0x00007ff8868c2000 	C:\WINDOWS\SYSTEM32\DBGHELP.DLL
0x00007ff88c2b0000 - 0x00007ff88c636000 	C:\WINDOWS\System32\combase.dll
0x00007ff88b690000 - 0x00007ff88b766000 	C:\WINDOWS\System32\OLEAUT32.dll
0x00007ff879180000 - 0x00007ff8791bc000 	C:\WINDOWS\SYSTEM32\dbgcore.DLL
0x00007ff88a210000 - 0x00007ff88a2b5000 	C:\WINDOWS\System32\bcryptPrimitives.dll
0x00007ff876f70000 - 0x00007ff876f7f000 	c:\Users\xdele\.windsurf\extensions\redhat.java-1.53.0-win32-x64\jre\21.0.10-win32-x86_64\bin\instrument.dll
0x00007ff83ca30000 - 0x00007ff83ca50000 	c:\Users\xdele\.windsurf\extensions\redhat.java-1.53.0-win32-x64\jre\21.0.10-win32-x86_64\bin\java.dll
0x00007ff88b770000 - 0x00007ff88bec3000 	C:\WINDOWS\System32\SHELL32.dll
0x00007ff889bf0000 - 0x00007ff889d5a000 	C:\WINDOWS\System32\wintypes.dll
0x00007ff8873d0000 - 0x00007ff887c2e000 	C:\WINDOWS\SYSTEM32\windows.storage.dll
0x00007ff88af40000 - 0x00007ff88b035000 	C:\WINDOWS\System32\SHCORE.dll
0x00007ff88c230000 - 0x00007ff88c296000 	C:\WINDOWS\System32\shlwapi.dll
0x00007ff889710000 - 0x00007ff889739000 	C:\WINDOWS\SYSTEM32\profapi.dll
0x00007ffffd870000 - 0x00007ffffd888000 	c:\Users\xdele\.windsurf\extensions\redhat.java-1.53.0-win32-x64\jre\21.0.10-win32-x86_64\bin\zip.dll
0x00007ff876f40000 - 0x00007ff876f50000 	C:\Users\xdele\.windsurf\extensions\redhat.java-1.53.0-win32-x64\jre\21.0.10-win32-x86_64\bin\net.dll
0x00007ff8837b0000 - 0x00007ff8838d8000 	C:\WINDOWS\SYSTEM32\WINHTTP.dll
0x00007ff888ab0000 - 0x00007ff888b1b000 	C:\WINDOWS\system32\mswsock.dll
0x00007ffff83e0000 - 0x00007ffff83f6000 	C:\Users\xdele\.windsurf\extensions\redhat.java-1.53.0-win32-x64\jre\21.0.10-win32-x86_64\bin\nio.dll
0x00007ff876d20000 - 0x00007ff876d30000 	c:\Users\xdele\.windsurf\extensions\redhat.java-1.53.0-win32-x64\jre\21.0.10-win32-x86_64\bin\verify.dll
0x00007ffff3590000 - 0x00007ffff35d5000 	C:\Users\xdele\AppData\Roaming\Windsurf\User\globalStorage\redhat.java\1.53.0\config_win\org.eclipse.equinox.launcher\org.eclipse.equinox.launcher.win32.win32.x86_64_1.3.0.v20260203-2149\eclipse_11919.dll
0x00007ff88c090000 - 0x00007ff88c227000 	C:\WINDOWS\System32\ole32.dll
0x00007ff888ea0000 - 0x00007ff888ebb000 	C:\WINDOWS\SYSTEM32\CRYPTSP.dll
0x00007ff8884c0000 - 0x00007ff8884fa000 	C:\WINDOWS\system32\rsaenh.dll
0x00007ff888b60000 - 0x00007ff888b8b000 	C:\WINDOWS\SYSTEM32\USERENV.dll
0x00007ff8896e0000 - 0x00007ff88970a000 	C:\WINDOWS\SYSTEM32\bcrypt.dll
0x00007ff888d00000 - 0x00007ff888d0c000 	C:\WINDOWS\SYSTEM32\CRYPTBASE.dll
0x00007ff887f50000 - 0x00007ff887f84000 	C:\WINDOWS\SYSTEM32\IPHLPAPI.DLL
0x00007ff88a440000 - 0x00007ff88a44a000 	C:\WINDOWS\System32\NSI.dll
0x00007ffff1fd0000 - 0x00007ffff2019000 	C:\Users\xdele\AppData\Local\Temp\jna-113902130\jna11908230931024070206.dll
0x00007ff88bf90000 - 0x00007ff88bf98000 	C:\WINDOWS\System32\PSAPI.DLL
0x00007ff8839a0000 - 0x00007ff8839be000 	C:\WINDOWS\SYSTEM32\dhcpcsvc6.DLL
0x00007ff883740000 - 0x00007ff883763000 	C:\WINDOWS\SYSTEM32\dhcpcsvc.DLL

JVMTI agents:
c:\Users\xdele\.windsurf\extensions\redhat.java-1.53.0-win32-x64\lombok\lombok-1.18.39-4050.jar path:c:\Users\xdele\.windsurf\extensions\redhat.java-1.53.0-win32-x64\jre\21.0.10-win32-x86_64\bin\instrument.dll, loaded, initialized, instrumentlib options:none

dbghelp: loaded successfully - version: 4.0.5 - missing functions: none
symbol engine: initialized successfully - sym options: 0x614 - pdb path: .;c:\Users\xdele\.windsurf\extensions\redhat.java-1.53.0-win32-x64\jre\21.0.10-win32-x86_64\bin;C:\WINDOWS\SYSTEM32;C:\WINDOWS\WinSxS\amd64_microsoft.windows.common-controls_6595b64144ccf1df_6.0.26100.7309_none_3e05feeae336a044;c:\Users\xdele\.windsurf\extensions\redhat.java-1.53.0-win32-x64\jre\21.0.10-win32-x86_64\bin\server;C:\Users\xdele\AppData\Roaming\Windsurf\User\globalStorage\redhat.java\1.53.0\config_win\org.eclipse.equinox.launcher\org.eclipse.equinox.launcher.win32.win32.x86_64_1.3.0.v20260203-2149;C:\Users\xdele\AppData\Local\Temp\jna-113902130

VM Arguments:
jvm_args: --add-modules=ALL-SYSTEM --add-opens=java.base/java.util=ALL-UNNAMED --add-opens=java.base/java.lang=ALL-UNNAMED --add-opens=java.base/sun.nio.fs=ALL-UNNAMED -Declipse.application=org.eclipse.jdt.ls.core.id1 -Dosgi.bundles.defaultStartLevel=4 -Declipse.product=org.eclipse.jdt.ls.core.product -Djava.import.generatesMetadataFilesAtProjectRoot=false -DDetectVMInstallationsJob.disabled=true -Dfile.encoding=utf8 -XX:+UseParallelGC -XX:GCTimeRatio=4 -XX:AdaptiveSizePolicyWeight=90 -Dsun.zip.disableMemoryMapping=true -Xmx2G -Xms100m -Xlog:disable -javaagent:c:\Users\xdele\.windsurf\extensions\redhat.java-1.53.0-win32-x64\lombok\lombok-1.18.39-4050.jar -XX:+HeapDumpOnOutOfMemoryError -XX:HeapDumpPath=c:\Users\xdele\AppData\Roaming\Windsurf\User\workspaceStorage\0c286645f812e025e1531ab0605a77a4\redhat.java -Daether.dependencyCollector.impl=bf 
java_command: c:\Users\xdele\.windsurf\extensions\redhat.java-1.53.0-win32-x64\server\plugins\org.eclipse.equinox.launcher_1.7.100.v20251111-0406.jar -configuration c:\Users\xdele\AppData\Roaming\Windsurf\User\globalStorage\redhat.java\1.53.0\config_win -data c:\Users\xdele\AppData\Roaming\Windsurf\User\workspaceStorage\0c286645f812e025e1531ab0605a77a4\redhat.java\jdt_ws --pipe=\\.\pipe\lsp-141c640cd1c3afaff79dc9a3d577d355-sock
java_class_path (initial): c:\Users\xdele\.windsurf\extensions\redhat.java-1.53.0-win32-x64\server\plugins\org.eclipse.equinox.launcher_1.7.100.v20251111-0406.jar
Launcher Type: SUN_STANDARD

[Global flags]
    uintx AdaptiveSizePolicyWeight                 = 90                                        {product} {command line}
     intx CICompilerCount                          = 4                                         {product} {ergonomic}
    uintx GCTimeRatio                              = 4                                         {product} {command line}
     bool HeapDumpOnOutOfMemoryError               = true                                   {manageable} {command line}
    ccstr HeapDumpPath                             = c:\Users\xdele\AppData\Roaming\Windsurf\User\workspaceStorage\0c286645f812e025e1531ab0605a77a4\redhat.java         {manageable} {command line}
   size_t InitialHeapSize                          = 104857600                                 {product} {command line}
   size_t MaxHeapSize                              = 2147483648                                {product} {command line}
   size_t MaxNewSize                               = 715653120                                 {product} {ergonomic}
   size_t MinHeapDeltaBytes                        = 524288                                    {product} {ergonomic}
   size_t MinHeapSize                              = 104857600                                 {product} {command line}
   size_t NewSize                                  = 34603008                                  {product} {ergonomic}
    uintx NonNMethodCodeHeapSize                   = 5839372                                {pd product} {ergonomic}
    uintx NonProfiledCodeHeapSize                  = 122909434                              {pd product} {ergonomic}
   size_t OldSize                                  = 70254592                                  {product} {ergonomic}
    uintx ProfiledCodeHeapSize                     = 122909434                              {pd product} {ergonomic}
    uintx ReservedCodeCacheSize                    = 251658240                              {pd product} {ergonomic}
     bool SegmentedCodeCache                       = true                                      {product} {ergonomic}
   size_t SoftMaxHeapSize                          = 2147483648                             {manageable} {ergonomic}
     bool UseCompressedOops                        = true                           {product lp64_product} {ergonomic}
     bool UseLargePagesIndividualAllocation        = false                                  {pd product} {ergonomic}
     bool UseParallelGC                            = true                                      {product} {command line}

Logging:
Log output configuration:
 #0: stdout all=off uptime,level,tags foldmultilines=false
 #1: stderr all=off uptime,level,tags foldmultilines=false

Release file:
JAVA_VERSION="21.0.10" 
MODULES="java.base java.compiler java.datatransfer java.xml java.prefs java.desktop java.instrument java.logging java.management java.security.sasl java.naming java.rmi java.management.rmi java.net.http java.scripting java.security.jgss java.transaction.xa java.sql java.sql.rowset java.xml.crypto java.se java.smartcardio jdk.accessibility jdk.internal.jvmstat jdk.attach jdk.charsets jdk.internal.opt jdk.zipfs jdk.compiler jdk.crypto.ec jdk.crypto.cryptoki jdk.crypto.mscapi jdk.dynalink jdk.internal.ed jdk.editpad jdk.hotspot.agent jdk.httpserver jdk.internal.le jdk.internal.vm.ci jdk.internal.vm.compiler jdk.internal.vm.compiler.management jdk.jartool jdk.javadoc jdk.jcmd jdk.management jdk.management.agent jdk.jconsole jdk.jdeps jdk.jdwp.agent jdk.jdi jdk.jfr jdk.jshell jdk.jsobject jdk.jstatd jdk.localedata jdk.management.jfr jdk.naming.dns jdk.naming.rmi jdk.net jdk.nio.mapmode jdk.random jdk.sctp jdk.security.auth jdk.security.jgss jdk.unsupported jdk.unsupported.desktop jdk.xml.dom" 

Environment Variables:
JAVA_HOME=C:\Program Files\Microsoft\jdk-21.0.10.7-hotspot\
PATH=C:\Users\xdele\AppData\Local\Programs\Windsurf;C:\Program Files\Microsoft\jdk-21.0.10.7-hotspot\bin;C:\Program Files\Eclipse Adoptium\jdk-25.0.2.10-hotspot\bin;C:\WINDOWS\system32;C:\WINDOWS;C:\WINDOWS\System32\Wbem;C:\WINDOWS\System32\WindowsPowerShell\v1.0\;C:\WINDOWS\System32\OpenSSH\;C:\Program Files\neofetch-win\;C:\Program Files\Git\cmd;C:\Program Files\playit_gg\bin\;C:\Users\xdele\AppData\Local\Programs\Python\Python314\Scripts\;C:\Users\xdele\AppData\Local\Programs\Python\Python314\;C:\Users\xdele\AppData\Local\Programs\Python\Launcher\;C:\Users\xdele\AppData\Local\Microsoft\WindowsApps;C:\Users\xdele\AppData\Local\Microsoft\WinGet\Links;C:\Users\xdele\AppData\Local\GitHubDesktop\bin;C:\Users\xdele\AppData\Local\Programs\Microsoft VS Code\bin;C:\Users\xdele\AppData\Local\Programs\Windsurf\bin;C:\maven\bin;C:\Program Files\nodejs\;C:\Program Files\Apollo;C:\Program Files\Apollo\tools;C:\Program Files\dotnet\;C:\Users\xdele\AppData\Local\Programs\Python\Python314\Scripts\;C:\Users\xdele\AppData\Local\Programs\Python\Python314\;C:\Users\xdele\AppData\Local\Programs\Python\Launcher\;C:\Users\xdele\AppData\Local\Microsoft\WindowsApps;C:\Users\xdele\AppData\Local\Microsoft\WinGet\Links;C:\Users\xdele\AppData\Local\GitHubDesktop\bin;C:\Users\xdele\AppData\Local\Programs\Microsoft VS Code\bin;C:\Users\xdele\AppData\Local\Programs\Windsurf\bin;C:\Users\xdele\AppData\Local\Programs\cursor\resources\app\bin;C:\Users\xdele\AppData\Roaming\npm
USERNAME=xdele
OS=Windows_NT
PROCESSOR_IDENTIFIER=AMD64 Family 25 Model 80 Stepping 0, AuthenticAMD
TMP=C:\Users\xdele\AppData\Local\Temp
TEMP=C:\Users\xdele\AppData\Local\Temp




Periodic native trim disabled

---------------  S Y S T E M  ---------------

OS:
 Windows 11 , 64 bit Build 26100 (10.0.26100.7623)
OS uptime: 0 days 1:04 hours
Hyper-V role detected

CPU: total 12 (initial active 12) (12 cores per cpu, 2 threads per core) family 25 model 80 stepping 0 microcode 0xa50000f, cx8, cmov, fxsr, ht, mmx, 3dnowpref, sse, sse2, sse3, ssse3, sse4a, sse4.1, sse4.2, popcnt, lzcnt, tsc, tscinvbit, avx, avx2, aes, erms, clmul, bmi1, bmi2, adx, sha, fma, vzeroupper, clflush, clflushopt, hv, rdtscp, rdpid, fsrm, f16c, cet_ss
Processor Information for the first 12 processors :
  Max Mhz: 3901, Current Mhz: 3901, Mhz Limit: 3901

Memory: 4k page, system-wide physical 15659M (1760M free)
TotalPageFile size 23851M (AvailPageFile size 239M)
current process WorkingSet (physical memory assigned to process): 211M, peak: 213M
current process commit charge ("private bytes"): 339M, peak: 342M

vm_info: OpenJDK 64-Bit Server VM (21.0.10+7-LTS) for windows-amd64 JRE (21.0.10+7-LTS), built on 2026-01-20T00:00:00Z by "admin" with MS VC++ 17.12 (VS2022)

END.
