#
# There is insufficient memory for the Java Runtime Environment to continue.
# Native memory allocation (malloc) failed to allocate 1225936 bytes. Error detail: Chunk::new
# Possible reasons:
#   The system is out of physical RAM or swap space
#   This process is running with CompressedOops enabled, and the Java Heap may be blocking the growth of the native heap
# Possible solutions:
#   Reduce memory load on the system
#   Increase physical memory or swap space
#   Check if swap backing store is full
#   Decrease Java heap size (-Xmx/-Xms)
#   Decrease number of Java threads
#   Decrease Java thread stack sizes (-Xss)
#   Set larger code cache with -XX:ReservedCodeCacheSize=
#   JVM is running with Unscaled Compressed Oops mode in which the Java heap is
#     placed in the first 4GB address space. The Java Heap base address is the
#     maximum limit for the native heap growth. Please use -XX:HeapBaseMinAddress
#     to set the Java Heap base and to place the Java Heap above 4GB virtual address.
# This output file may be truncated or incomplete.
#
#  Out of Memory Error (arena.cpp:168), pid=17712, tid=17584
#
# JRE version: OpenJDK Runtime Environment Temurin-21.0.10+7 (21.0.10+7) (build 21.0.10+7-LTS)
# Java VM: OpenJDK 64-Bit Server VM Temurin-21.0.10+7 (21.0.10+7-LTS, mixed mode, sharing, tiered, compressed oops, compressed class ptrs, parallel gc, windows-amd64)
# No core dump will be written. Minidumps are not enabled by default on client versions of Windows
#

---------------  S U M M A R Y ------------

Command Line: --add-modules=ALL-SYSTEM --add-opens=java.base/java.util=ALL-UNNAMED --add-opens=java.base/java.lang=ALL-UNNAMED --add-opens=java.base/sun.nio.fs=ALL-UNNAMED -Declipse.application=org.eclipse.jdt.ls.core.id1 -Dosgi.bundles.defaultStartLevel=4 -Declipse.product=org.eclipse.jdt.ls.core.product -Djava.import.generatesMetadataFilesAtProjectRoot=false -DDetectVMInstallationsJob.disabled=true -Dfile.encoding=utf8 -XX:+UseParallelGC -XX:GCTimeRatio=4 -XX:AdaptiveSizePolicyWeight=90 -Dsun.zip.disableMemoryMapping=true -Xmx2G -Xms100m -Xlog:disable -javaagent:c:\Users\xdele\.windsurf\extensions\redhat.java-1.53.0-win32-x64\lombok\lombok-1.18.39-4050.jar -XX:+HeapDumpOnOutOfMemoryError -XX:HeapDumpPath=c:\Users\xdele\AppData\Roaming\Windsurf\User\workspaceStorage\0c286645f812e025e1531ab0605a77a4\redhat.java -Daether.dependencyCollector.impl=bf c:\Users\xdele\.windsurf\extensions\redhat.java-1.53.0-win32-x64\server\plugins\org.eclipse.equinox.launcher_1.7.100.v20251111-0406.jar -configuration c:\Users\xdele\AppData\Roaming\Windsurf\User\globalStorage\redhat.java\1.53.0\config_win -data c:\Users\xdele\AppData\Roaming\Windsurf\User\workspaceStorage\0c286645f812e025e1531ab0605a77a4\redhat.java\jdt_ws --pipe=\\.\pipe\lsp-57e8ad841c41a2abc2f75c533bed8ede-sock

Host: AMD Ryzen 5 5600G with Radeon Graphics         , 12 cores, 15G,  Windows 11 , 64 bit Build 26100 (10.0.26100.7623)
Time: Mon Apr 13 23:03:29 2026 Bangladesh Standard Time elapsed time: 8.031724 seconds (0d 0h 0m 8s)

---------------  T H R E A D  ---------------

Current thread (0x0000021159e47010):  JavaThread "C2 CompilerThread2" daemon [_thread_in_native, id=17584, stack(0x00000016c4000000,0x00000016c4100000) (1024K)]


Current CompileTask:
C2:8031 4301       4       java.lang.invoke.MemberName::getMethodOrFieldType (72 bytes)

Stack: [0x00000016c4000000,0x00000016c4100000]
Native frames: (J=compiled Java code, j=interpreted, Vv=VM code, C=native code)
V  [jvm.dll+0x6d7a39]
V  [jvm.dll+0x8b4b26]
V  [jvm.dll+0x8b70de]
V  [jvm.dll+0x8b77c3]
V  [jvm.dll+0x284346]
V  [jvm.dll+0xc66ed]
V  [jvm.dll+0xc6c31]
V  [jvm.dll+0x3bec01]
V  [jvm.dll+0x38b162]
V  [jvm.dll+0x38a5aa]
V  [jvm.dll+0x24c560]
V  [jvm.dll+0x24bb40]
V  [jvm.dll+0x1cb34e]
V  [jvm.dll+0x25b85d]
V  [jvm.dll+0x259dea]
V  [jvm.dll+0x3f857e]
V  [jvm.dll+0x85f59d]
V  [jvm.dll+0x6d626d]
C  [ucrtbase.dll+0x37b0]
C  [KERNEL32.DLL+0x2e8d7]
C  [ntdll.dll+0x8c53c]


---------------  P R O C E S S  ---------------

Threads class SMR info:
_java_thread_list=0x0000021159986360, length=42, elements={
0x00000211776491a0, 0x00000211799adaf0, 0x0000021179aa2b60, 0x0000021179aa5bc0,
0x0000021179aa6c30, 0x0000021179aacce0, 0x0000021179ab6110, 0x000002117e723060,
0x0000021179abdb70, 0x000002117e90fa40, 0x000002117e948ff0, 0x000002117ea46b90,
0x00000211581680b0, 0x000002115825a8e0, 0x000002117fe9fc50, 0x000002117fea5420,
0x0000021158677050, 0x00000211586c7590, 0x000002115863c6e0, 0x000002115863b9c0,
0x000002115863b330, 0x000002115863c050, 0x000002115863a610, 0x0000021159e47010,
0x00000211586398f0, 0x0000021158639f80, 0x00000211589021e0, 0x0000021158905cf0,
0x0000021158904940, 0x0000021158905660, 0x0000021158903c20, 0x0000021158902870,
0x00000211589042b0, 0x0000021158904fd0, 0x0000021158906380, 0x0000021158903590,
0x0000021158902f00, 0x0000021158906a10, 0x0000021158909170, 0x0000021158907dc0,
0x0000021158909800, 0x0000021158907730
}

Java Threads: ( => current thread )
  0x00000211776491a0 JavaThread "main"                              [_thread_in_vm, id=17732, stack(0x00000016c1d00000,0x00000016c1e00000) (1024K)]
  0x00000211799adaf0 JavaThread "Reference Handler"          daemon [_thread_blocked, id=17748, stack(0x00000016c2100000,0x00000016c2200000) (1024K)]
  0x0000021179aa2b60 JavaThread "Finalizer"                  daemon [_thread_blocked, id=17752, stack(0x00000016c2200000,0x00000016c2300000) (1024K)]
  0x0000021179aa5bc0 JavaThread "Signal Dispatcher"          daemon [_thread_blocked, id=17756, stack(0x00000016c2300000,0x00000016c2400000) (1024K)]
  0x0000021179aa6c30 JavaThread "Attach Listener"            daemon [_thread_blocked, id=17760, stack(0x00000016c2400000,0x00000016c2500000) (1024K)]
  0x0000021179aacce0 JavaThread "Service Thread"             daemon [_thread_blocked, id=17764, stack(0x00000016c2500000,0x00000016c2600000) (1024K)]
  0x0000021179ab6110 JavaThread "Monitor Deflation Thread"   daemon [_thread_blocked, id=17768, stack(0x00000016c2600000,0x00000016c2700000) (1024K)]
  0x000002117e723060 JavaThread "C2 CompilerThread0"         daemon [_thread_in_native, id=17772, stack(0x00000016c2700000,0x00000016c2800000) (1024K)]
  0x0000021179abdb70 JavaThread "C1 CompilerThread0"         daemon [_thread_in_native, id=17776, stack(0x00000016c2800000,0x00000016c2900000) (1024K)]
  0x000002117e90fa40 JavaThread "Common-Cleaner"             daemon [_thread_blocked, id=17780, stack(0x00000016c2900000,0x00000016c2a00000) (1024K)]
  0x000002117e948ff0 JavaThread "Notification Thread"        daemon [_thread_blocked, id=17824, stack(0x00000016c2a00000,0x00000016c2b00000) (1024K)]
  0x000002117ea46b90 JavaThread "C2 CompilerThread1"         daemon [_thread_in_native, id=17828, stack(0x00000016c2b00000,0x00000016c2c00000) (1024K)]
  0x00000211581680b0 JavaThread "Active Thread: Equinox Container: 4e768a1a-b041-4b27-806f-fdef1ed25c90"        [_thread_blocked, id=17992, stack(0x00000016c3300000,0x00000016c3400000) (1024K)]
  0x000002115825a8e0 JavaThread "Refresh Thread: Equinox Container: 4e768a1a-b041-4b27-806f-fdef1ed25c90" daemon [_thread_blocked, id=18000, stack(0x00000016c3500000,0x00000016c3600000) (1024K)]
  0x000002117fe9fc50 JavaThread "Framework Event Dispatcher: Equinox Container: 4e768a1a-b041-4b27-806f-fdef1ed25c90" daemon [_thread_blocked, id=18004, stack(0x00000016c3600000,0x00000016c3700000) (1024K)]
  0x000002117fea5420 JavaThread "Start Level: Equinox Container: 4e768a1a-b041-4b27-806f-fdef1ed25c90" daemon [_thread_blocked, id=18008, stack(0x00000016c3700000,0x00000016c3800000) (1024K)]
  0x0000021158677050 JavaThread "Bundle File Closer"         daemon [_thread_blocked, id=18028, stack(0x00000016c3a00000,0x00000016c3b00000) (1024K)]
  0x00000211586c7590 JavaThread "SCR Component Actor"        daemon [_thread_blocked, id=18308, stack(0x00000016c3b00000,0x00000016c3c00000) (1024K)]
  0x000002115863c6e0 JavaThread "Worker-JM"                         [_thread_blocked, id=18404, stack(0x00000016c3c00000,0x00000016c3d00000) (1024K)]
  0x000002115863b9c0 JavaThread "JNA Cleaner"                daemon [_thread_blocked, id=14064, stack(0x00000016c2c00000,0x00000016c2d00000) (1024K)]
  0x000002115863b330 JavaThread "Worker-0: Loading available Gradle versions"        [_thread_in_vm, id=16416, stack(0x00000016c3d00000,0x00000016c3e00000) (1024K)]
  0x000002115863c050 JavaThread "Worker-1: Initialize After Load"        [_thread_in_vm, id=1396, stack(0x00000016c3e00000,0x00000016c3f00000) (1024K)]
  0x000002115863a610 JavaThread "Java indexing"              daemon [_thread_blocked, id=13392, stack(0x00000016c3f00000,0x00000016c4000000) (1024K)]
=>0x0000021159e47010 JavaThread "C2 CompilerThread2"         daemon [_thread_in_native, id=17584, stack(0x00000016c4000000,0x00000016c4100000) (1024K)]
  0x00000211586398f0 JavaThread "Worker-2"                          [_thread_blocked, id=17652, stack(0x00000016c4400000,0x00000016c4500000) (1024K)]
  0x0000021158639f80 JavaThread "Worker-3: Repository registry initialization"        [_thread_in_vm, id=17660, stack(0x00000016c4500000,0x00000016c4600000) (1024K)]
  0x00000211589021e0 JavaThread "Worker-4"                          [_thread_blocked, id=17676, stack(0x00000016c4600000,0x00000016c4700000) (1024K)]
  0x0000021158905cf0 JavaThread "Worker-5"                          [_thread_blocked, id=17604, stack(0x00000016c4700000,0x00000016c4800000) (1024K)]
  0x0000021158904940 JavaThread "Thread-1"                   daemon [_thread_in_native, id=17600, stack(0x00000016c4800000,0x00000016c4900000) (1024K)]
  0x0000021158905660 JavaThread "Thread-2"                   daemon [_thread_in_native, id=17592, stack(0x00000016c4900000,0x00000016c4a00000) (1024K)]
  0x0000021158903c20 JavaThread "Thread-3"                   daemon [_thread_in_native, id=17580, stack(0x00000016c4a00000,0x00000016c4b00000) (1024K)]
  0x0000021158902870 JavaThread "Thread-4"                   daemon [_thread_in_native, id=17568, stack(0x00000016c4b00000,0x00000016c4c00000) (1024K)]
  0x00000211589042b0 JavaThread "Thread-5"                   daemon [_thread_in_native, id=17560, stack(0x00000016c4c00000,0x00000016c4d00000) (1024K)]
  0x0000021158904fd0 JavaThread "Thread-6"                   daemon [_thread_in_native, id=17524, stack(0x00000016c4d00000,0x00000016c4e00000) (1024K)]
  0x0000021158906380 JavaThread "Thread-7"                   daemon [_thread_in_native, id=17520, stack(0x00000016c4e00000,0x00000016c4f00000) (1024K)]
  0x0000021158903590 JavaThread "Thread-8"                   daemon [_thread_in_native, id=17576, stack(0x00000016c4f00000,0x00000016c5000000) (1024K)]
  0x0000021158902f00 JavaThread "Thread-9"                   daemon [_thread_in_native, id=17424, stack(0x00000016c5000000,0x00000016c5100000) (1024K)]
  0x0000021158906a10 JavaThread "Thread-10"                  daemon [_thread_in_native, id=17656, stack(0x00000016c5100000,0x00000016c5200000) (1024K)]
  0x0000021158909170 JavaThread "Thread-11"                  daemon [_thread_in_native, id=17680, stack(0x00000016c5200000,0x00000016c5300000) (1024K)]
  0x0000021158907dc0 JavaThread "Thread-12"                  daemon [_thread_in_native, id=17684, stack(0x00000016c5300000,0x00000016c5400000) (1024K)]
  0x0000021158909800 JavaThread "Thread-13"                  daemon [_thread_in_native, id=4704, stack(0x00000016c5400000,0x00000016c5500000) (1024K)]
  0x0000021158907730 JavaThread "pool-2-thread-1"                   [_thread_blocked, id=17120, stack(0x00000016c5500000,0x00000016c5600000) (1024K)]
Total: 42

Other Threads:
  0x0000021179994aa0 VMThread "VM Thread"                           [id=17744, stack(0x00000016c2000000,0x00000016c2100000) (1024K)]
  0x0000021179a6bd50 WatcherThread "VM Periodic Task Thread"        [id=17740, stack(0x00000016c1f00000,0x00000016c2000000) (1024K)]
  0x0000021179a1acb0 WorkerThread "GC Thread#0"                     [id=17736, stack(0x00000016c1e00000,0x00000016c1f00000) (1024K)]
  0x000002117f9ddc80 WorkerThread "GC Thread#1"                     [id=17896, stack(0x00000016c2d00000,0x00000016c2e00000) (1024K)]
  0x000002117fc06d40 WorkerThread "GC Thread#2"                     [id=17900, stack(0x00000016c2e00000,0x00000016c2f00000) (1024K)]
  0x000002117f9e2580 WorkerThread "GC Thread#3"                     [id=17904, stack(0x00000016c2f00000,0x00000016c3000000) (1024K)]
  0x000002117f9e2930 WorkerThread "GC Thread#4"                     [id=17908, stack(0x00000016c3000000,0x00000016c3100000) (1024K)]
  0x000002117f9e30f0 WorkerThread "GC Thread#5"                     [id=17912, stack(0x00000016c3100000,0x00000016c3200000) (1024K)]
  0x000002117fa918a0 WorkerThread "GC Thread#6"                     [id=17916, stack(0x00000016c3200000,0x00000016c3300000) (1024K)]
  0x000002117fb10640 WorkerThread "GC Thread#7"                     [id=17996, stack(0x00000016c3400000,0x00000016c3500000) (1024K)]
  0x000002117fcc9400 WorkerThread "GC Thread#8"                     [id=18020, stack(0x00000016c3800000,0x00000016c3900000) (1024K)]
  0x000002117fcc9fd0 WorkerThread "GC Thread#9"                     [id=18024, stack(0x00000016c3900000,0x00000016c3a00000) (1024K)]
Total: 12

Threads with active compile tasks:
C2 CompilerThread0  10073 4326       4       org.eclipse.osgi.internal.loader.ModuleClassLoader::toString (80 bytes)
C1 CompilerThread0  10073 4416       3       java.lang.invoke.MethodHandles$Lookup::linkMethodHandleConstant (223 bytes)
C2 CompilerThread1  10073 3998       4       org.lombokweb.asm.ClassReader::readMethod (1070 bytes)
C2 CompilerThread2  10073 4301       4       java.lang.invoke.MemberName::getMethodOrFieldType (72 bytes)
Total: 4

VM state: not at safepoint (normal execution)

VM Mutex/Monitor currently owned by a thread: None

Heap address: 0x0000000080000000, size: 2048 MB, Compressed Oops mode: 32-bit

CDS archive(s) mapped at: [0x0000021113000000-0x0000021113ba0000-0x0000021113ba0000), size 12189696, SharedBaseAddress: 0x0000021113000000, ArchiveRelocationMode: 1.
Compressed class space mapped at: 0x0000021114000000-0x0000021154000000, reserved size: 1073741824
Narrow klass base: 0x0000021113000000, Narrow klass shift: 0, Narrow klass range: 0x100000000

GC Precious Log:
 CardTable entry size: 512
 CPUs: 12 total, 12 available
 Memory: 15659M
 Large Page Support: Disabled
 NUMA Support: Disabled
 Compressed Oops: Enabled (32-bit)
 Alignments: Space 512K, Generation 512K, Heap 2M
 Heap Min Capacity: 100M
 Heap Initial Capacity: 100M
 Heap Max Capacity: 2G
 Pre-touch: Disabled
 Parallel Workers: 10

Heap:
 PSYoungGen      total 24064K, used 13475K [0x00000000d5580000, 0x00000000d7280000, 0x0000000100000000)
  eden space 22528K, 53% used [0x00000000d5580000,0x00000000d612fd50,0x00000000d6b80000)
  from space 1536K, 98% used [0x00000000d7080000,0x00000000d71f91d8,0x00000000d7200000)
  to   space 512K, 0% used [0x00000000d7200000,0x00000000d7200000,0x00000000d7280000)
 ParOldGen       total 68608K, used 17112K [0x0000000080000000, 0x0000000084300000, 0x00000000d5580000)
  object space 68608K, 24% used [0x0000000080000000,0x00000000810b6360,0x0000000084300000)
 Metaspace       used 32848K, committed 33984K, reserved 1114112K
  class space    used 3328K, committed 3840K, reserved 1048576K

Card table byte_map: [0x00000211793a0000,0x00000211797b0000] _byte_map_base: 0x0000021178fa0000

Marking Bits: (ParMarkBitMap*) 0x00007fffa43b3450
 Begin Bits: [0x000002110f000000, 0x0000021111000000)
 End Bits:   [0x0000021111000000, 0x0000021113000000)

Polling page: 0x00000211777d0000

Metaspace:

Usage:
  Non-class:     28.83 MB used.
      Class:      3.25 MB used.
       Both:     32.08 MB used.

Virtual space:
  Non-class space:       64.00 MB reserved,      29.44 MB ( 46%) committed,  1 nodes.
      Class space:        1.00 GB reserved,       3.75 MB ( <1%) committed,  1 nodes.
             Both:        1.06 GB reserved,      33.19 MB (  3%) committed. 

Chunk freelists:
   Non-Class:  2.02 MB
       Class:  12.23 MB
        Both:  14.24 MB

MaxMetaspaceSize: unlimited
CompressedClassSpaceSize: 1.00 GB
Initial GC threshold: 21.00 MB
Current GC threshold: 35.00 MB
CDS: on
 - commit_granule_bytes: 65536.
 - commit_granule_words: 8192.
 - virtual_space_node_default_size: 8388608.
 - enlarge_chunks_in_place: 1.
 - use_allocation_guard: 0.


Internal statistics:

num_allocs_failed_limit: 3.
num_arena_births: 868.
num_arena_deaths: 14.
num_vsnodes_births: 2.
num_vsnodes_deaths: 0.
num_space_committed: 531.
num_space_uncommitted: 0.
num_chunks_returned_to_freelist: 17.
num_chunks_taken_from_freelist: 2295.
num_chunk_merges: 9.
num_chunk_splits: 1452.
num_chunks_enlarged: 843.
num_inconsistent_stats: 0.

CodeHeap 'non-profiled nmethods': size=120000Kb used=2064Kb max_used=2064Kb free=117935Kb
 bounds [0x0000021107ad0000, 0x0000021107d40000, 0x000002110f000000]
CodeHeap 'profiled nmethods': size=120000Kb used=9290Kb max_used=9290Kb free=110709Kb
 bounds [0x0000021100000000, 0x0000021100920000, 0x0000021107530000]
CodeHeap 'non-nmethods': size=5760Kb used=1353Kb max_used=1391Kb free=4406Kb
 bounds [0x0000021107530000, 0x00000211077a0000, 0x0000021107ad0000]
CodeCache: size=245760Kb, used=12707Kb, max_used=12745Kb, free=233050Kb
 total_blobs=5050, nmethods=4401, adapters=555, full_count=0
Compilation: enabled, stopped_count=0, restarted_count=0

Compilation events (20 events):
Event: 7.015 Thread 0x0000021179abdb70 4383       3       java.util.regex.CharPredicates$$Lambda/0x800000025::is (5 bytes)
Event: 7.015 Thread 0x0000021179abdb70 nmethod 4383 0x00000211008edc90 code [0x00000211008ede40, 0x00000211008ee0e8]
Event: 7.015 Thread 0x0000021179abdb70 4382       3       java.util.regex.Matcher::group (65 bytes)
Event: 7.016 Thread 0x0000021179abdb70 nmethod 4382 0x00000211008ee210 code [0x00000211008ee440, 0x00000211008eeab0]
Event: 7.016 Thread 0x0000021179abdb70 4387       3       org.eclipse.core.internal.registry.ConfigurationElement::getAttributeAsIs (62 bytes)
Event: 7.016 Thread 0x0000021179abdb70 nmethod 4387 0x00000211008eed10 code [0x00000211008eef00, 0x00000211008ef280]
Event: 7.017 Thread 0x0000021179abdb70 4386       3       org.eclipse.core.internal.registry.ConfigurationElement::getAttribute (6 bytes)
Event: 7.017 Thread 0x0000021179abdb70 nmethod 4386 0x00000211008ef490 code [0x00000211008ef640, 0x00000211008ef780]
Event: 7.017 Thread 0x0000021179abdb70 4385       3       java.util.TreeSet::add (22 bytes)
Event: 7.017 Thread 0x0000021179abdb70 nmethod 4385 0x00000211008ef810 code [0x00000211008ef9c0, 0x00000211008efbf8]
Event: 7.018 Thread 0x0000021179abdb70 4388       3       org.eclipse.core.internal.registry.ConfigurationElementHandle::getAttribute (9 bytes)
Event: 7.018 Thread 0x0000021179abdb70 nmethod 4388 0x00000211008efc90 code [0x00000211008efe80, 0x00000211008f0478]
Event: 7.019 Thread 0x0000021179abdb70 4390       3       java.util.Properties::loadConvert (540 bytes)
Event: 7.020 Thread 0x0000021179abdb70 nmethod 4390 0x00000211008f0690 code [0x00000211008f0980, 0x00000211008f1c28]
Event: 7.020 Thread 0x0000021179abdb70 4391       3       java.lang.CompoundEnumeration::next (58 bytes)
Event: 7.020 Thread 0x0000021179abdb70 nmethod 4391 0x00000211008f2290 code [0x00000211008f2460, 0x00000211008f27a0]
Event: 7.021 Thread 0x0000021179abdb70 4393       3       java.util.Properties::load0 (249 bytes)
Event: 7.021 Thread 0x0000021179abdb70 nmethod 4393 0x00000211008f2910 code [0x00000211008f2b60, 0x00000211008f34e0]
Event: 7.021 Thread 0x0000021179abdb70 4394       3       java.util.Properties$LineReader::readLine (584 bytes)
Event: 7.023 Thread 0x0000021179abdb70 nmethod 4394 0x00000211008f3810 code [0x00000211008f3c00, 0x00000211008f64b8]

GC Heap History (20 events):
Event: 1.104 GC heap before
{Heap before GC invocations=3 (full 0):
 PSYoungGen      total 29696K, used 29463K [0x00000000d5580000, 0x00000000d7680000, 0x0000000100000000)
  eden space 25600K, 99% used [0x00000000d5580000,0x00000000d6e4c5a0,0x00000000d6e80000)
  from space 4096K, 99% used [0x00000000d7280000,0x00000000d7679800,0x00000000d7680000)
  to   space 4096K, 0% used [0x00000000d6e80000,0x00000000d6e80000,0x00000000d7280000)
 ParOldGen       total 68608K, used 2065K [0x0000000080000000, 0x0000000084300000, 0x00000000d5580000)
  object space 68608K, 3% used [0x0000000080000000,0x0000000080204638,0x0000000084300000)
 Metaspace       used 9407K, committed 9728K, reserved 1114112K
  class space    used 1006K, committed 1152K, reserved 1048576K
}
Event: 1.107 GC heap after
{Heap after GC invocations=3 (full 0):
 PSYoungGen      total 29696K, used 4093K [0x00000000d5580000, 0x00000000d7680000, 0x0000000100000000)
  eden space 25600K, 0% used [0x00000000d5580000,0x00000000d5580000,0x00000000d6e80000)
  from space 4096K, 99% used [0x00000000d6e80000,0x00000000d727f568,0x00000000d7280000)
  to   space 4096K, 0% used [0x00000000d7280000,0x00000000d7280000,0x00000000d7680000)
 ParOldGen       total 68608K, used 5114K [0x0000000080000000, 0x0000000084300000, 0x00000000d5580000)
  object space 68608K, 7% used [0x0000000080000000,0x00000000804febf8,0x0000000084300000)
 Metaspace       used 9407K, committed 9728K, reserved 1114112K
  class space    used 1006K, committed 1152K, reserved 1048576K
}
Event: 1.424 GC heap before
{Heap before GC invocations=4 (full 0):
 PSYoungGen      total 29696K, used 29693K [0x00000000d5580000, 0x00000000d7680000, 0x0000000100000000)
  eden space 25600K, 100% used [0x00000000d5580000,0x00000000d6e80000,0x00000000d6e80000)
  from space 4096K, 99% used [0x00000000d6e80000,0x00000000d727f568,0x00000000d7280000)
  to   space 4096K, 0% used [0x00000000d7280000,0x00000000d7280000,0x00000000d7680000)
 ParOldGen       total 68608K, used 5114K [0x0000000080000000, 0x0000000084300000, 0x00000000d5580000)
  object space 68608K, 7% used [0x0000000080000000,0x00000000804febf8,0x0000000084300000)
 Metaspace       used 11719K, committed 12096K, reserved 1114112K
  class space    used 1245K, committed 1408K, reserved 1048576K
}
Event: 1.428 GC heap after
{Heap after GC invocations=4 (full 0):
 PSYoungGen      total 29696K, used 4074K [0x00000000d5580000, 0x00000000d7680000, 0x0000000100000000)
  eden space 25600K, 0% used [0x00000000d5580000,0x00000000d5580000,0x00000000d6e80000)
  from space 4096K, 99% used [0x00000000d7280000,0x00000000d767a888,0x00000000d7680000)
  to   space 4096K, 0% used [0x00000000d6e80000,0x00000000d6e80000,0x00000000d7280000)
 ParOldGen       total 68608K, used 6757K [0x0000000080000000, 0x0000000084300000, 0x00000000d5580000)
  object space 68608K, 9% used [0x0000000080000000,0x00000000806996f8,0x0000000084300000)
 Metaspace       used 11719K, committed 12096K, reserved 1114112K
  class space    used 1245K, committed 1408K, reserved 1048576K
}
Event: 4.827 GC heap before
{Heap before GC invocations=5 (full 0):
 PSYoungGen      total 29696K, used 29674K [0x00000000d5580000, 0x00000000d7680000, 0x0000000100000000)
  eden space 25600K, 100% used [0x00000000d5580000,0x00000000d6e80000,0x00000000d6e80000)
  from space 4096K, 99% used [0x00000000d7280000,0x00000000d767a888,0x00000000d7680000)
  to   space 4096K, 0% used [0x00000000d6e80000,0x00000000d6e80000,0x00000000d7280000)
 ParOldGen       total 68608K, used 6757K [0x0000000080000000, 0x0000000084300000, 0x00000000d5580000)
  object space 68608K, 9% used [0x0000000080000000,0x00000000806996f8,0x0000000084300000)
 Metaspace       used 15661K, committed 16256K, reserved 1114112K
  class space    used 1629K, committed 1856K, reserved 1048576K
}
Event: 4.829 GC heap after
{Heap after GC invocations=5 (full 0):
 PSYoungGen      total 29184K, used 4067K [0x00000000d5580000, 0x00000000d7900000, 0x0000000100000000)
  eden space 25088K, 0% used [0x00000000d5580000,0x00000000d5580000,0x00000000d6e00000)
  from space 4096K, 99% used [0x00000000d6e80000,0x00000000d7278fb8,0x00000000d7280000)
  to   space 5632K, 0% used [0x00000000d7380000,0x00000000d7380000,0x00000000d7900000)
 ParOldGen       total 68608K, used 7861K [0x0000000080000000, 0x0000000084300000, 0x00000000d5580000)
  object space 68608K, 11% used [0x0000000080000000,0x00000000807ad7a0,0x0000000084300000)
 Metaspace       used 15661K, committed 16256K, reserved 1114112K
  class space    used 1629K, committed 1856K, reserved 1048576K
}
Event: 5.178 GC heap before
{Heap before GC invocations=6 (full 0):
 PSYoungGen      total 29184K, used 29155K [0x00000000d5580000, 0x00000000d7900000, 0x0000000100000000)
  eden space 25088K, 100% used [0x00000000d5580000,0x00000000d6e00000,0x00000000d6e00000)
  from space 4096K, 99% used [0x00000000d6e80000,0x00000000d7278fb8,0x00000000d7280000)
  to   space 5632K, 0% used [0x00000000d7380000,0x00000000d7380000,0x00000000d7900000)
 ParOldGen       total 68608K, used 7861K [0x0000000080000000, 0x0000000084300000, 0x00000000d5580000)
  object space 68608K, 11% used [0x0000000080000000,0x00000000807ad7a0,0x0000000084300000)
 Metaspace       used 18754K, committed 19520K, reserved 1114112K
  class space    used 1980K, committed 2304K, reserved 1048576K
}
Event: 5.180 GC heap after
{Heap after GC invocations=6 (full 0):
 PSYoungGen      total 29696K, used 4777K [0x00000000d5580000, 0x00000000d7880000, 0x0000000100000000)
  eden space 24576K, 0% used [0x00000000d5580000,0x00000000d5580000,0x00000000d6d80000)
  from space 5120K, 93% used [0x00000000d7380000,0x00000000d782a7f0,0x00000000d7880000)
  to   space 5120K, 0% used [0x00000000d6e80000,0x00000000d6e80000,0x00000000d7380000)
 ParOldGen       total 68608K, used 7869K [0x0000000080000000, 0x0000000084300000, 0x00000000d5580000)
  object space 68608K, 11% used [0x0000000080000000,0x00000000807af7a0,0x0000000084300000)
 Metaspace       used 18754K, committed 19520K, reserved 1114112K
  class space    used 1980K, committed 2304K, reserved 1048576K
}
Event: 5.338 GC heap before
{Heap before GC invocations=7 (full 0):
 PSYoungGen      total 29696K, used 23495K [0x00000000d5580000, 0x00000000d7880000, 0x0000000100000000)
  eden space 24576K, 76% used [0x00000000d5580000,0x00000000d67c74f0,0x00000000d6d80000)
  from space 5120K, 93% used [0x00000000d7380000,0x00000000d782a7f0,0x00000000d7880000)
  to   space 5120K, 0% used [0x00000000d6e80000,0x00000000d6e80000,0x00000000d7380000)
 ParOldGen       total 68608K, used 7869K [0x0000000080000000, 0x0000000084300000, 0x00000000d5580000)
  object space 68608K, 11% used [0x0000000080000000,0x00000000807af7a0,0x0000000084300000)
 Metaspace       used 20578K, committed 21504K, reserved 1114112K
  class space    used 2214K, committed 2624K, reserved 1048576K
}
Event: 5.340 GC heap after
{Heap after GC invocations=7 (full 0):
 PSYoungGen      total 29184K, used 4463K [0x00000000d5580000, 0x00000000d7780000, 0x0000000100000000)
  eden space 24576K, 0% used [0x00000000d5580000,0x00000000d5580000,0x00000000d6d80000)
  from space 4608K, 96% used [0x00000000d6e80000,0x00000000d72dbf58,0x00000000d7300000)
  to   space 4608K, 0% used [0x00000000d7300000,0x00000000d7300000,0x00000000d7780000)
 ParOldGen       total 68608K, used 9397K [0x0000000080000000, 0x0000000084300000, 0x00000000d5580000)
  object space 68608K, 13% used [0x0000000080000000,0x000000008092d780,0x0000000084300000)
 Metaspace       used 20578K, committed 21504K, reserved 1114112K
  class space    used 2214K, committed 2624K, reserved 1048576K
}
Event: 5.340 GC heap before
{Heap before GC invocations=8 (full 1):
 PSYoungGen      total 29184K, used 4463K [0x00000000d5580000, 0x00000000d7780000, 0x0000000100000000)
  eden space 24576K, 0% used [0x00000000d5580000,0x00000000d5580000,0x00000000d6d80000)
  from space 4608K, 96% used [0x00000000d6e80000,0x00000000d72dbf58,0x00000000d7300000)
  to   space 4608K, 0% used [0x00000000d7300000,0x00000000d7300000,0x00000000d7780000)
 ParOldGen       total 68608K, used 9397K [0x0000000080000000, 0x0000000084300000, 0x00000000d5580000)
  object space 68608K, 13% used [0x0000000080000000,0x000000008092d780,0x0000000084300000)
 Metaspace       used 20578K, committed 21504K, reserved 1114112K
  class space    used 2214K, committed 2624K, reserved 1048576K
}
Event: 5.362 GC heap after
{Heap after GC invocations=8 (full 1):
 PSYoungGen      total 29184K, used 0K [0x00000000d5580000, 0x00000000d7780000, 0x0000000100000000)
  eden space 24576K, 0% used [0x00000000d5580000,0x00000000d5580000,0x00000000d6d80000)
  from space 4608K, 0% used [0x00000000d6e80000,0x00000000d6e80000,0x00000000d7300000)
  to   space 4608K, 0% used [0x00000000d7300000,0x00000000d7300000,0x00000000d7780000)
 ParOldGen       total 68608K, used 13214K [0x0000000080000000, 0x0000000084300000, 0x00000000d5580000)
  object space 68608K, 19% used [0x0000000080000000,0x0000000080ce7940,0x0000000084300000)
 Metaspace       used 20566K, committed 21504K, reserved 1114112K
  class space    used 2210K, committed 2624K, reserved 1048576K
}
Event: 5.498 GC heap before
{Heap before GC invocations=9 (full 1):
 PSYoungGen      total 29184K, used 24450K [0x00000000d5580000, 0x00000000d7780000, 0x0000000100000000)
  eden space 24576K, 99% used [0x00000000d5580000,0x00000000d6d60ac0,0x00000000d6d80000)
  from space 4608K, 0% used [0x00000000d6e80000,0x00000000d6e80000,0x00000000d7300000)
  to   space 4608K, 0% used [0x00000000d7300000,0x00000000d7300000,0x00000000d7780000)
 ParOldGen       total 68608K, used 13214K [0x0000000080000000, 0x0000000084300000, 0x00000000d5580000)
  object space 68608K, 19% used [0x0000000080000000,0x0000000080ce7940,0x0000000084300000)
 Metaspace       used 22702K, committed 23616K, reserved 1114112K
  class space    used 2390K, committed 2752K, reserved 1048576K
}
Event: 5.499 GC heap after
{Heap after GC invocations=9 (full 1):
 PSYoungGen      total 26112K, used 1541K [0x00000000d5580000, 0x00000000d7500000, 0x0000000100000000)
  eden space 24064K, 0% used [0x00000000d5580000,0x00000000d5580000,0x00000000d6d00000)
  from space 2048K, 75% used [0x00000000d7300000,0x00000000d74814c0,0x00000000d7500000)
  to   space 3072K, 0% used [0x00000000d6f00000,0x00000000d6f00000,0x00000000d7200000)
 ParOldGen       total 68608K, used 13222K [0x0000000080000000, 0x0000000084300000, 0x00000000d5580000)
  object space 68608K, 19% used [0x0000000080000000,0x0000000080ce9940,0x0000000084300000)
 Metaspace       used 22702K, committed 23616K, reserved 1114112K
  class space    used 2390K, committed 2752K, reserved 1048576K
}
Event: 5.638 GC heap before
{Heap before GC invocations=10 (full 1):
 PSYoungGen      total 26112K, used 25531K [0x00000000d5580000, 0x00000000d7500000, 0x0000000100000000)
  eden space 24064K, 99% used [0x00000000d5580000,0x00000000d6ceda68,0x00000000d6d00000)
  from space 2048K, 75% used [0x00000000d7300000,0x00000000d74814c0,0x00000000d7500000)
  to   space 3072K, 0% used [0x00000000d6f00000,0x00000000d6f00000,0x00000000d7200000)
 ParOldGen       total 68608K, used 13222K [0x0000000080000000, 0x0000000084300000, 0x00000000d5580000)
  object space 68608K, 19% used [0x0000000080000000,0x0000000080ce9940,0x0000000084300000)
 Metaspace       used 26441K, committed 27392K, reserved 1114112K
  class space    used 2661K, committed 3072K, reserved 1048576K
}
Event: 5.639 GC heap after
{Heap after GC invocations=10 (full 1):
 PSYoungGen      total 26624K, used 1206K [0x00000000d5580000, 0x00000000d7380000, 0x0000000100000000)
  eden space 23552K, 0% used [0x00000000d5580000,0x00000000d5580000,0x00000000d6c80000)
  from space 3072K, 39% used [0x00000000d6f00000,0x00000000d702dbe8,0x00000000d7200000)
  to   space 1536K, 0% used [0x00000000d7200000,0x00000000d7200000,0x00000000d7380000)
 ParOldGen       total 68608K, used 13222K [0x0000000080000000, 0x0000000084300000, 0x00000000d5580000)
  object space 68608K, 19% used [0x0000000080000000,0x0000000080ce9940,0x0000000084300000)
 Metaspace       used 26441K, committed 27392K, reserved 1114112K
  class space    used 2661K, committed 3072K, reserved 1048576K
}
Event: 5.780 GC heap before
{Heap before GC invocations=11 (full 1):
 PSYoungGen      total 26624K, used 24734K [0x00000000d5580000, 0x00000000d7380000, 0x0000000100000000)
  eden space 23552K, 99% used [0x00000000d5580000,0x00000000d6c79d98,0x00000000d6c80000)
  from space 3072K, 39% used [0x00000000d6f00000,0x00000000d702dbe8,0x00000000d7200000)
  to   space 1536K, 0% used [0x00000000d7200000,0x00000000d7200000,0x00000000d7380000)
 ParOldGen       total 68608K, used 13222K [0x0000000080000000, 0x0000000084300000, 0x00000000d5580000)
  object space 68608K, 19% used [0x0000000080000000,0x0000000080ce9940,0x0000000084300000)
 Metaspace       used 27984K, committed 29056K, reserved 1114112K
  class space    used 2783K, committed 3200K, reserved 1048576K
}
Event: 5.781 GC heap after
{Heap after GC invocations=11 (full 1):
 PSYoungGen      total 24576K, used 1290K [0x00000000d5580000, 0x00000000d7380000, 0x0000000100000000)
  eden space 23040K, 0% used [0x00000000d5580000,0x00000000d5580000,0x00000000d6c00000)
  from space 1536K, 84% used [0x00000000d7200000,0x00000000d7342a58,0x00000000d7380000)
  to   space 1536K, 0% used [0x00000000d7080000,0x00000000d7080000,0x00000000d7200000)
 ParOldGen       total 68608K, used 15601K [0x0000000080000000, 0x0000000084300000, 0x00000000d5580000)
  object space 68608K, 22% used [0x0000000080000000,0x0000000080f3c698,0x0000000084300000)
 Metaspace       used 27984K, committed 29056K, reserved 1114112K
  class space    used 2783K, committed 3200K, reserved 1048576K
}
Event: 5.988 GC heap before
{Heap before GC invocations=12 (full 1):
 PSYoungGen      total 24576K, used 24330K [0x00000000d5580000, 0x00000000d7380000, 0x0000000100000000)
  eden space 23040K, 100% used [0x00000000d5580000,0x00000000d6c00000,0x00000000d6c00000)
  from space 1536K, 84% used [0x00000000d7200000,0x00000000d7342a58,0x00000000d7380000)
  to   space 1536K, 0% used [0x00000000d7080000,0x00000000d7080000,0x00000000d7200000)
 ParOldGen       total 68608K, used 15601K [0x0000000080000000, 0x0000000084300000, 0x00000000d5580000)
  object space 68608K, 22% used [0x0000000080000000,0x0000000080f3c698,0x0000000084300000)
 Metaspace       used 31281K, committed 32448K, reserved 1114112K
  class space    used 3152K, committed 3648K, reserved 1048576K
}
Event: 5.989 GC heap after
{Heap after GC invocations=12 (full 1):
 PSYoungGen      total 24064K, used 1508K [0x00000000d5580000, 0x00000000d7280000, 0x0000000100000000)
  eden space 22528K, 0% used [0x00000000d5580000,0x00000000d5580000,0x00000000d6b80000)
  from space 1536K, 98% used [0x00000000d7080000,0x00000000d71f91d8,0x00000000d7200000)
  to   space 512K, 0% used [0x00000000d7200000,0x00000000d7200000,0x00000000d7280000)
 ParOldGen       total 68608K, used 17112K [0x0000000080000000, 0x0000000084300000, 0x00000000d5580000)
  object space 68608K, 24% used [0x0000000080000000,0x00000000810b6360,0x0000000084300000)
 Metaspace       used 31281K, committed 32448K, reserved 1114112K
  class space    used 3152K, committed 3648K, reserved 1048576K
}

Dll operation events (10 events):
Event: 0.008 Loaded shared library c:\Users\xdele\.windsurf\extensions\redhat.java-1.53.0-win32-x64\jre\21.0.10-win32-x86_64\bin\java.dll
Event: 0.061 Loaded shared library c:\Users\xdele\.windsurf\extensions\redhat.java-1.53.0-win32-x64\jre\21.0.10-win32-x86_64\bin\zip.dll
Event: 0.076 Loaded shared library C:\Users\xdele\.windsurf\extensions\redhat.java-1.53.0-win32-x64\jre\21.0.10-win32-x86_64\bin\instrument.dll
Event: 0.081 Loaded shared library C:\Users\xdele\.windsurf\extensions\redhat.java-1.53.0-win32-x64\jre\21.0.10-win32-x86_64\bin\net.dll
Event: 0.083 Loaded shared library C:\Users\xdele\.windsurf\extensions\redhat.java-1.53.0-win32-x64\jre\21.0.10-win32-x86_64\bin\nio.dll
Event: 0.086 Loaded shared library C:\Users\xdele\.windsurf\extensions\redhat.java-1.53.0-win32-x64\jre\21.0.10-win32-x86_64\bin\zip.dll
Event: 0.100 Loaded shared library C:\Users\xdele\.windsurf\extensions\redhat.java-1.53.0-win32-x64\jre\21.0.10-win32-x86_64\bin\jimage.dll
Event: 0.157 Loaded shared library c:\Users\xdele\.windsurf\extensions\redhat.java-1.53.0-win32-x64\jre\21.0.10-win32-x86_64\bin\verify.dll
Event: 0.892 Loaded shared library C:\Users\xdele\AppData\Roaming\Windsurf\User\globalStorage\redhat.java\1.53.0\config_win\org.eclipse.equinox.launcher\org.eclipse.equinox.launcher.win32.win32.x86_64_1.3.0.v20260203-2149\eclipse_11919.dll
Event: 4.946 Loaded shared library C:\Users\xdele\AppData\Local\Temp\jna-113902130\jna8627999222418165623.dll

Deoptimization events (20 events):
Event: 7.021 Thread 0x000002115863c050 Uncommon trap: trap_request=0xffffffc6 fr.pc=0x0000021107bc7048 relative=0x0000000000000fe8
Event: 7.021 Thread 0x000002115863c050 Uncommon trap: reason=bimorphic_or_optimized_type_check action=maybe_recompile pc=0x0000021107bc7048 method=java.util.Properties$LineReader.readLine()I @ 479 c2
Event: 7.021 Thread 0x000002115863c050 DEOPT PACKING pc=0x0000021107bc7048 sp=0x00000016c3efe710
Event: 7.021 Thread 0x000002115863c050 DEOPT UNPACKING pc=0x0000021107583aa2 sp=0x00000016c3efe6a8 mode 2
Event: 7.023 Thread 0x0000021158639f80 Uncommon trap: trap_request=0xffffffde fr.pc=0x0000021107c8dd34 relative=0x00000000000000f4
Event: 7.023 Thread 0x0000021158639f80 Uncommon trap: reason=class_check action=maybe_recompile pc=0x0000021107c8dd34 method=java.lang.Character.codePointAt(Ljava/lang/CharSequence;I)I @ 2 c2
Event: 7.023 Thread 0x0000021158639f80 DEOPT PACKING pc=0x0000021107c8dd34 sp=0x00000016c45fe7d0
Event: 7.023 Thread 0x0000021158639f80 DEOPT UNPACKING pc=0x0000021107583aa2 sp=0x00000016c45fe758 mode 2
Event: 7.023 Thread 0x0000021158639f80 Uncommon trap: trap_request=0xffffffde fr.pc=0x0000021107c8dd34 relative=0x00000000000000f4
Event: 7.023 Thread 0x0000021158639f80 Uncommon trap: reason=class_check action=maybe_recompile pc=0x0000021107c8dd34 method=java.lang.Character.codePointAt(Ljava/lang/CharSequence;I)I @ 2 c2
Event: 7.023 Thread 0x0000021158639f80 DEOPT PACKING pc=0x0000021107c8dd34 sp=0x00000016c45fe7d0
Event: 7.023 Thread 0x0000021158639f80 DEOPT UNPACKING pc=0x0000021107583aa2 sp=0x00000016c45fe758 mode 2
Event: 7.023 Thread 0x0000021158639f80 Uncommon trap: trap_request=0xffffffde fr.pc=0x0000021107c8dd34 relative=0x00000000000000f4
Event: 7.023 Thread 0x0000021158639f80 Uncommon trap: reason=class_check action=maybe_recompile pc=0x0000021107c8dd34 method=java.lang.Character.codePointAt(Ljava/lang/CharSequence;I)I @ 2 c2
Event: 7.023 Thread 0x0000021158639f80 DEOPT PACKING pc=0x0000021107c8dd34 sp=0x00000016c45fe7d0
Event: 7.023 Thread 0x0000021158639f80 DEOPT UNPACKING pc=0x0000021107583aa2 sp=0x00000016c45fe758 mode 2
Event: 7.023 Thread 0x0000021158639f80 Uncommon trap: trap_request=0xffffffde fr.pc=0x0000021107c8dd34 relative=0x00000000000000f4
Event: 7.023 Thread 0x0000021158639f80 Uncommon trap: reason=class_check action=maybe_recompile pc=0x0000021107c8dd34 method=java.lang.Character.codePointAt(Ljava/lang/CharSequence;I)I @ 2 c2
Event: 7.023 Thread 0x0000021158639f80 DEOPT PACKING pc=0x0000021107c8dd34 sp=0x00000016c45fe7d0
Event: 7.023 Thread 0x0000021158639f80 DEOPT UNPACKING pc=0x0000021107583aa2 sp=0x00000016c45fe758 mode 2

Classes loaded (20 events):
Event: 7.006 Loading class sun/nio/ch/AsynchronousChannelGroupImpl$2
Event: 7.006 Loading class sun/nio/ch/AsynchronousChannelGroupImpl$2 done
Event: 7.007 Loading class sun/nio/ch/AsynchronousChannelGroupImpl$1
Event: 7.007 Loading class sun/nio/ch/Invoker
Event: 7.007 Loading class sun/nio/ch/AsynchronousChannelGroupImpl$1 done
Event: 7.007 Loading class sun/nio/ch/Invoker done
Event: 7.007 Loading class sun/nio/ch/Invoker$1
Event: 7.007 Loading class sun/nio/ch/Invoker$1 done
Event: 7.007 Loading class sun/nio/ch/Invoker$GroupAndInvokeCount
Event: 7.007 Loading class sun/nio/ch/Invoker$GroupAndInvokeCount done
Event: 7.009 Loading class sun/nio/ch/PendingIoCache
Event: 7.009 Loading class sun/nio/ch/PendingIoCache done
Event: 7.012 Loading class java/util/concurrent/atomic/AtomicIntegerArray
Event: 7.012 Loading class java/util/concurrent/atomic/AtomicIntegerArray done
Event: 7.014 Loading class java/util/Currency
Event: 7.014 Loading class java/util/Currency done
Event: 7.018 Loading class java/util/concurrent/atomic/AtomicLongArray
Event: 7.019 Loading class java/util/concurrent/atomic/AtomicLongArray done
Event: 7.023 Loading class java/io/FileReader
Event: 7.023 Loading class java/io/FileReader done

Classes unloaded (7 events):
Event: 5.343 Thread 0x0000021179994aa0 Unloading class 0x00000211141ad400 'java/lang/invoke/LambdaForm$MH+0x00000211141ad400'
Event: 5.343 Thread 0x0000021179994aa0 Unloading class 0x00000211141ad000 'java/lang/invoke/LambdaForm$MH+0x00000211141ad000'
Event: 5.343 Thread 0x0000021179994aa0 Unloading class 0x00000211141acc00 'java/lang/invoke/LambdaForm$MH+0x00000211141acc00'
Event: 5.343 Thread 0x0000021179994aa0 Unloading class 0x00000211141ac800 'java/lang/invoke/LambdaForm$MH+0x00000211141ac800'
Event: 5.343 Thread 0x0000021179994aa0 Unloading class 0x00000211141ac400 'java/lang/invoke/LambdaForm$BMH+0x00000211141ac400'
Event: 5.343 Thread 0x0000021179994aa0 Unloading class 0x00000211141ac000 'java/lang/invoke/LambdaForm$DMH+0x00000211141ac000'
Event: 5.343 Thread 0x0000021179994aa0 Unloading class 0x00000211141aac00 'java/lang/invoke/LambdaForm$DMH+0x00000211141aac00'

Classes redefined (0 events):
No events

Internal exceptions (20 events):
Event: 5.375 Thread 0x000002117fea5420 Exception <a 'java/lang/NoSuchMethodError'{0x00000000d56bfee0}: static Lorg/eclipse/m2e/core/internal/lifecyclemapping/model/PluginExecutionFilter;.<clinit>()V> (0x00000000d56bfee0) 
thrown [s\src\hotspot\share\prims\jni.cpp, line 1111]
Event: 5.378 Thread 0x000002117fea5420 Exception <a 'java/lang/NoSuchMethodError'{0x00000000d56f3030}: static Lorg/eclipse/m2e/core/internal/project/registry/MavenProjectFacade$MavenProjectConfiguration;.<clinit>()V> (0x00000000d56f3030) 
thrown [s\src\hotspot\share\prims\jni.cpp, line 1111]
Event: 5.419 Thread 0x000002117fea5420 Exception <a 'java/lang/NoSuchMethodError'{0x00000000d5b6a918}: 'double java.lang.invoke.DirectMethodHandle$Holder.invokeStatic(java.lang.Object, java.lang.Object)'> (0x00000000d5b6a918) 
thrown [s\src\hotspot\share\interpreter\linkResolver.cpp, line 773]
Event: 5.419 Thread 0x000002117fea5420 Exception <a 'java/lang/NoSuchMethodError'{0x00000000d5b6dfd8}: 'double java.lang.invoke.DirectMethodHandle$Holder.invokeStaticInit(java.lang.Object, java.lang.Object)'> (0x00000000d5b6dfd8) 
thrown [s\src\hotspot\share\interpreter\linkResolver.cpp, line 773]
Event: 5.591 Thread 0x000002117fea5420 Implicit null exception at 0x0000021107c96cf5 to 0x0000021107c96dd0
Event: 5.660 Thread 0x000002117fea5420 Exception <a 'java/lang/NoSuchMethodError'{0x00000000d61460b8}: 'java.lang.Object java.lang.invoke.DirectMethodHandle$Holder.newInvokeSpecial(java.lang.Object, int, java.lang.Object, java.lang.Object)'> (0x00000000d61460b8) 
thrown [s\src\hotspot\share\interpreter\linkResolver.cpp, line 773]
Event: 5.759 Thread 0x000002117fea5420 Exception <a 'java/lang/ClassNotFoundException'{0x00000000d6a1b498}: com/sun/org/apache/xerces/internal/impl/msg/spi/DOMMessagesProvider> (0x00000000d6a1b498) 
thrown [s\src\hotspot\share\classfile\systemDictionary.cpp, line 312]
Event: 5.760 Thread 0x000002117fea5420 Exception <a 'java/lang/ClassNotFoundException'{0x00000000d6a2cc50}: com/sun/org/apache/xerces/internal/impl/msg/spi/XMLSerializerMessagesProvider> (0x00000000d6a2cc50) 
thrown [s\src\hotspot\share\classfile\systemDictionary.cpp, line 312]
Event: 5.760 Thread 0x000002117fea5420 Exception <a 'java/lang/ClassNotFoundException'{0x00000000d6a39f70}: com/sun/org/apache/xerces/internal/impl/msg/spi/XMLMessagesProvider> (0x00000000d6a39f70) 
thrown [s\src\hotspot\share\classfile\systemDictionary.cpp, line 312]
Event: 5.853 Thread 0x000002117fea5420 Exception <a 'java/lang/ClassNotFoundException'{0x00000000d5ad3ac0}: com/sun/org/apache/xml/internal/serializer/spi/XMLEntitiesProvider> (0x00000000d5ad3ac0) 
thrown [s\src\hotspot\share\classfile\systemDictionary.cpp, line 312]
Event: 5.902 Thread 0x000002117fea5420 Exception <a 'java/io/FileNotFoundException'{0x00000000d5ea52f0}> (0x00000000d5ea52f0) 
thrown [s\src\hotspot\share\prims\jni.cpp, line 520]
Event: 5.916 Thread 0x000002117fea5420 Exception <a 'java/lang/UnsatisfiedLinkError'{0x00000000d5fbbc58}: The specified procedure could not be found.
> (0x00000000d5fbbc58) 
thrown [s\src\hotspot\share\prims\jni.cpp, line 539]
Event: 5.919 Thread 0x000002117fea5420 Exception <a 'java/io/FileNotFoundException'{0x00000000d5fd3aa0}> (0x00000000d5fd3aa0) 
thrown [s\src\hotspot\share\prims\jni.cpp, line 520]
Event: 5.925 Thread 0x000002117fea5420 Exception <a 'java/io/FileNotFoundException'{0x00000000d605d4f8}> (0x00000000d605d4f8) 
thrown [s\src\hotspot\share\prims\jni.cpp, line 520]
Event: 5.927 Thread 0x000002117fea5420 Exception <a 'java/lang/UnsatisfiedLinkError'{0x00000000d6090320}: The specified procedure could not be found.
> (0x00000000d6090320) 
thrown [s\src\hotspot\share\prims\jni.cpp, line 539]
Event: 5.974 Thread 0x000002115863b330 Exception <a 'java/lang/NoSuchMethodError'{0x00000000d685fc58}: 'void java.lang.invoke.DirectMethodHandle$Holder.invokeStaticInit(java.lang.Object, java.lang.Object, java.lang.Object, java.lang.Object)'> (0x00000000d685fc58) 
thrown [s\src\hotspot\share\interpreter\linkResolver.cpp, line 773]
Event: 5.999 Thread 0x00000211776491a0 Exception <a 'java/lang/NoSuchMethodError'{0x00000000d57d9a20}: 'java.lang.Object java.lang.invoke.DirectMethodHandle$Holder.invokeStatic(java.lang.Object, long, java.lang.Object)'> (0x00000000d57d9a20) 
thrown [s\src\hotspot\share\interpreter\linkResolver.cpp, line 773]
Event: 5.999 Thread 0x00000211776491a0 Exception <a 'java/lang/NoSuchMethodError'{0x00000000d57dd0b8}: 'java.lang.Object java.lang.invoke.DirectMethodHandle$Holder.invokeStaticInit(java.lang.Object, long, java.lang.Object)'> (0x00000000d57dd0b8) 
thrown [s\src\hotspot\share\interpreter\linkResolver.cpp, line 773]
Event: 6.000 Thread 0x00000211776491a0 Exception <a 'java/lang/NoSuchMethodError'{0x00000000d5803788}: 'java.lang.Object java.lang.invoke.DirectMethodHandle$Holder.newInvokeSpecial(java.lang.Object, long)'> (0x00000000d5803788) 
thrown [s\src\hotspot\share\interpreter\linkResolver.cpp, line 773]
Event: 7.009 Thread 0x000002115863c050 Exception <a 'java/lang/NoSuchMethodError'{0x00000000d5b276d8}: 'int java.lang.invoke.DirectMethodHandle$Holder.invokeSpecial(java.lang.Object, java.lang.Object, java.lang.Object, java.lang.Object)'> (0x00000000d5b276d8) 
thrown [s\src\hotspot\share\interpreter\linkResolver.cpp, line 773]

ZGC Phase Switch (0 events):
No events

VM Operations (20 events):
Event: 5.301 Executing non-safepoint VM operation: HandshakeAllThreads (Deoptimize) done
Event: 5.338 Executing safepoint VM operation: CollectForMetadataAllocation (Metadata GC Threshold)
Event: 5.362 Executing safepoint VM operation: CollectForMetadataAllocation (Metadata GC Threshold) done
Event: 5.498 Executing safepoint VM operation: ParallelGCFailedAllocation (Allocation Failure)
Event: 5.499 Executing safepoint VM operation: ParallelGCFailedAllocation (Allocation Failure) done
Event: 5.638 Executing safepoint VM operation: ParallelGCFailedAllocation (Allocation Failure)
Event: 5.639 Executing safepoint VM operation: ParallelGCFailedAllocation (Allocation Failure) done
Event: 5.780 Executing safepoint VM operation: ParallelGCFailedAllocation (Allocation Failure)
Event: 5.781 Executing safepoint VM operation: ParallelGCFailedAllocation (Allocation Failure) done
Event: 5.795 Executing non-safepoint VM operation: HandshakeAllThreads (Deoptimize)
Event: 5.795 Executing non-safepoint VM operation: HandshakeAllThreads (Deoptimize) done
Event: 5.867 Executing non-safepoint VM operation: HandshakeAllThreads (Deoptimize)
Event: 5.867 Executing non-safepoint VM operation: HandshakeAllThreads (Deoptimize) done
Event: 5.987 Executing safepoint VM operation: ParallelGCFailedAllocation (Allocation Failure)
Event: 5.989 Executing safepoint VM operation: ParallelGCFailedAllocation (Allocation Failure) done
Event: 7.013 Executing non-safepoint VM operation: HandshakeAllThreads (Deoptimize)
Event: 7.013 Executing non-safepoint VM operation: HandshakeAllThreads (Deoptimize) done
Event: 7.013 Executing safepoint VM operation: Cleanup
Event: 7.013 Executing safepoint VM operation: Cleanup done
Event: 8.014 Executing safepoint VM operation: Cleanup

Memory protections (0 events):
No events

Nmethod flushes (0 events):
No events

Events (20 events):
Event: 4.995 Thread 0x000002117fea5420 Thread added: 0x000002115863c050
Event: 5.773 Thread 0x000002117fea5420 Thread added: 0x000002115863a610
Event: 5.876 Thread 0x0000021179abdb70 Thread added: 0x0000021159e47010
Event: 5.954 Thread 0x000002115863b330 Thread added: 0x00000211586398f0
Event: 5.982 Thread 0x00000211586398f0 Thread added: 0x0000021158639f80
Event: 7.006 Thread 0x00000211586398f0 Thread added: 0x00000211589021e0
Event: 7.006 Thread 0x00000211586398f0 Thread added: 0x0000021158905cf0
Event: 7.007 Thread 0x00000211776491a0 Thread added: 0x0000021158904940
Event: 7.007 Thread 0x00000211776491a0 Thread added: 0x0000021158905660
Event: 7.007 Thread 0x00000211776491a0 Thread added: 0x0000021158903c20
Event: 7.007 Thread 0x00000211776491a0 Thread added: 0x0000021158902870
Event: 7.007 Thread 0x00000211776491a0 Thread added: 0x00000211589042b0
Event: 7.008 Thread 0x00000211776491a0 Thread added: 0x0000021158904fd0
Event: 7.008 Thread 0x00000211776491a0 Thread added: 0x0000021158906380
Event: 7.008 Thread 0x00000211776491a0 Thread added: 0x0000021158903590
Event: 7.008 Thread 0x00000211776491a0 Thread added: 0x0000021158902f00
Event: 7.008 Thread 0x00000211776491a0 Thread added: 0x0000021158906a10
Event: 7.008 Thread 0x00000211776491a0 Thread added: 0x0000021158909170
Event: 7.008 Thread 0x00000211776491a0 Thread added: 0x0000021158907dc0
Event: 7.009 Thread 0x00000211776491a0 Thread added: 0x0000021158909800


Dynamic libraries:
0x00007ff6b5520000 - 0x00007ff6b552e000 	c:\Users\xdele\.windsurf\extensions\redhat.java-1.53.0-win32-x64\jre\21.0.10-win32-x86_64\bin\java.exe
0x00007ff88c6a0000 - 0x00007ff88c907000 	C:\WINDOWS\SYSTEM32\ntdll.dll
0x00007ff88b180000 - 0x00007ff88b249000 	C:\WINDOWS\System32\KERNEL32.DLL
0x00007ff8897f0000 - 0x00007ff889bdf000 	C:\WINDOWS\System32\KERNELBASE.dll
0x00007ff88a2f0000 - 0x00007ff88a43b000 	C:\WINDOWS\System32\ucrtbase.dll
0x00007ff83cab0000 - 0x00007ff83cac8000 	c:\Users\xdele\.windsurf\extensions\redhat.java-1.53.0-win32-x64\jre\21.0.10-win32-x86_64\bin\jli.dll
0x00007ff83cd20000 - 0x00007ff83cd3e000 	c:\Users\xdele\.windsurf\extensions\redhat.java-1.53.0-win32-x64\jre\21.0.10-win32-x86_64\bin\VCRUNTIME140.dll
0x00007ff88b250000 - 0x00007ff88b415000 	C:\WINDOWS\System32\USER32.dll
0x00007ff88a2c0000 - 0x00007ff88a2e7000 	C:\WINDOWS\System32\win32u.dll
0x00007ff874ec0000 - 0x00007ff875153000 	C:\WINDOWS\WinSxS\amd64_microsoft.windows.common-controls_6595b64144ccf1df_6.0.26100.7309_none_3e05feeae336a044\COMCTL32.dll
0x00007ff88abf0000 - 0x00007ff88ac1b000 	C:\WINDOWS\System32\GDI32.dll
0x00007ff88a550000 - 0x00007ff88a5f9000 	C:\WINDOWS\System32\msvcrt.dll
0x00007ff889d60000 - 0x00007ff889e8c000 	C:\WINDOWS\System32\gdi32full.dll
0x00007ff88a0d0000 - 0x00007ff88a173000 	C:\WINDOWS\System32\msvcp_win.dll
0x00007ff88bfa0000 - 0x00007ff88bfd1000 	C:\WINDOWS\System32\IMM32.DLL
0x00007ff877610000 - 0x00007ff87761c000 	c:\Users\xdele\.windsurf\extensions\redhat.java-1.53.0-win32-x64\jre\21.0.10-win32-x86_64\bin\vcruntime140_1.dll
0x00007ffff5500000 - 0x00007ffff558d000 	c:\Users\xdele\.windsurf\extensions\redhat.java-1.53.0-win32-x64\jre\21.0.10-win32-x86_64\bin\msvcp140.dll
0x00007fffa36f0000 - 0x00007fffa4491000 	c:\Users\xdele\.windsurf\extensions\redhat.java-1.53.0-win32-x64\jre\21.0.10-win32-x86_64\bin\server\jvm.dll
0x00007ff88bed0000 - 0x00007ff88bf84000 	C:\WINDOWS\System32\ADVAPI32.dll
0x00007ff88bfe0000 - 0x00007ff88c086000 	C:\WINDOWS\System32\sechost.dll
0x00007ff88ae20000 - 0x00007ff88af38000 	C:\WINDOWS\System32\RPCRT4.dll
0x00007ff88b100000 - 0x00007ff88b174000 	C:\WINDOWS\System32\WS2_32.dll
0x00007ff889650000 - 0x00007ff8896ae000 	C:\WINDOWS\SYSTEM32\POWRPROF.dll
0x00007ff87e000000 - 0x00007ff87e035000 	C:\WINDOWS\SYSTEM32\WINMM.dll
0x00007ff8827a0000 - 0x00007ff8827ab000 	C:\WINDOWS\SYSTEM32\VERSION.dll
0x00007ff889630000 - 0x00007ff889644000 	C:\WINDOWS\SYSTEM32\UMPDC.dll
0x00007ff888560000 - 0x00007ff88857b000 	C:\WINDOWS\SYSTEM32\kernel.appcore.dll
0x00007ff876f90000 - 0x00007ff876f9a000 	c:\Users\xdele\.windsurf\extensions\redhat.java-1.53.0-win32-x64\jre\21.0.10-win32-x86_64\bin\jimage.dll
0x00007ff886680000 - 0x00007ff8868c2000 	C:\WINDOWS\SYSTEM32\DBGHELP.DLL
0x00007ff88c2b0000 - 0x00007ff88c636000 	C:\WINDOWS\System32\combase.dll
0x00007ff88b690000 - 0x00007ff88b766000 	C:\WINDOWS\System32\OLEAUT32.dll
0x00007ff879180000 - 0x00007ff8791bc000 	C:\WINDOWS\SYSTEM32\dbgcore.DLL
0x00007ff88a210000 - 0x00007ff88a2b5000 	C:\WINDOWS\System32\bcryptPrimitives.dll
0x00007ff876f70000 - 0x00007ff876f7f000 	c:\Users\xdele\.windsurf\extensions\redhat.java-1.53.0-win32-x64\jre\21.0.10-win32-x86_64\bin\instrument.dll
0x00007ff83ca30000 - 0x00007ff83ca50000 	c:\Users\xdele\.windsurf\extensions\redhat.java-1.53.0-win32-x64\jre\21.0.10-win32-x86_64\bin\java.dll
0x00007ff88b770000 - 0x00007ff88bec3000 	C:\WINDOWS\System32\SHELL32.dll
0x00007ff889bf0000 - 0x00007ff889d5a000 	C:\WINDOWS\System32\wintypes.dll
0x00007ff8873d0000 - 0x00007ff887c2e000 	C:\WINDOWS\SYSTEM32\windows.storage.dll
0x00007ff88af40000 - 0x00007ff88b035000 	C:\WINDOWS\System32\SHCORE.dll
0x00007ff88c230000 - 0x00007ff88c296000 	C:\WINDOWS\System32\shlwapi.dll
0x00007ff889710000 - 0x00007ff889739000 	C:\WINDOWS\SYSTEM32\profapi.dll
0x00007ffffd870000 - 0x00007ffffd888000 	c:\Users\xdele\.windsurf\extensions\redhat.java-1.53.0-win32-x64\jre\21.0.10-win32-x86_64\bin\zip.dll
0x00007ff876f40000 - 0x00007ff876f50000 	C:\Users\xdele\.windsurf\extensions\redhat.java-1.53.0-win32-x64\jre\21.0.10-win32-x86_64\bin\net.dll
0x00007ff8837b0000 - 0x00007ff8838d8000 	C:\WINDOWS\SYSTEM32\WINHTTP.dll
0x00007ff888ab0000 - 0x00007ff888b1b000 	C:\WINDOWS\system32\mswsock.dll
0x00007ffff83e0000 - 0x00007ffff83f6000 	C:\Users\xdele\.windsurf\extensions\redhat.java-1.53.0-win32-x64\jre\21.0.10-win32-x86_64\bin\nio.dll
0x00007ff876d20000 - 0x00007ff876d30000 	c:\Users\xdele\.windsurf\extensions\redhat.java-1.53.0-win32-x64\jre\21.0.10-win32-x86_64\bin\verify.dll
0x00007ffff3590000 - 0x00007ffff35d5000 	C:\Users\xdele\AppData\Roaming\Windsurf\User\globalStorage\redhat.java\1.53.0\config_win\org.eclipse.equinox.launcher\org.eclipse.equinox.launcher.win32.win32.x86_64_1.3.0.v20260203-2149\eclipse_11919.dll
0x00007ff88c090000 - 0x00007ff88c227000 	C:\WINDOWS\System32\ole32.dll
0x00007ff888ea0000 - 0x00007ff888ebb000 	C:\WINDOWS\SYSTEM32\CRYPTSP.dll
0x00007ff8884c0000 - 0x00007ff8884fa000 	C:\WINDOWS\system32\rsaenh.dll
0x00007ff888b60000 - 0x00007ff888b8b000 	C:\WINDOWS\SYSTEM32\USERENV.dll
0x00007ff8896e0000 - 0x00007ff88970a000 	C:\WINDOWS\SYSTEM32\bcrypt.dll
0x00007ff888d00000 - 0x00007ff888d0c000 	C:\WINDOWS\SYSTEM32\CRYPTBASE.dll
0x00007ff887f50000 - 0x00007ff887f84000 	C:\WINDOWS\SYSTEM32\IPHLPAPI.DLL
0x00007ff88a440000 - 0x00007ff88a44a000 	C:\WINDOWS\System32\NSI.dll
0x00007ffff1fd0000 - 0x00007ffff2019000 	C:\Users\xdele\AppData\Local\Temp\jna-113902130\jna8627999222418165623.dll
0x00007ff88bf90000 - 0x00007ff88bf98000 	C:\WINDOWS\System32\PSAPI.DLL
0x00007ff8839a0000 - 0x00007ff8839be000 	C:\WINDOWS\SYSTEM32\dhcpcsvc6.DLL
0x00007ff883740000 - 0x00007ff883763000 	C:\WINDOWS\SYSTEM32\dhcpcsvc.DLL

JVMTI agents:
c:\Users\xdele\.windsurf\extensions\redhat.java-1.53.0-win32-x64\lombok\lombok-1.18.39-4050.jar path:c:\Users\xdele\.windsurf\extensions\redhat.java-1.53.0-win32-x64\jre\21.0.10-win32-x86_64\bin\instrument.dll, loaded, initialized, instrumentlib options:none

dbghelp: loaded successfully - version: 4.0.5 - missing functions: none
symbol engine: initialized successfully - sym options: 0x614 - pdb path: .;c:\Users\xdele\.windsurf\extensions\redhat.java-1.53.0-win32-x64\jre\21.0.10-win32-x86_64\bin;C:\WINDOWS\SYSTEM32;C:\WINDOWS\WinSxS\amd64_microsoft.windows.common-controls_6595b64144ccf1df_6.0.26100.7309_none_3e05feeae336a044;c:\Users\xdele\.windsurf\extensions\redhat.java-1.53.0-win32-x64\jre\21.0.10-win32-x86_64\bin\server;C:\Users\xdele\AppData\Roaming\Windsurf\User\globalStorage\redhat.java\1.53.0\config_win\org.eclipse.equinox.launcher\org.eclipse.equinox.launcher.win32.win32.x86_64_1.3.0.v20260203-2149;C:\Users\xdele\AppData\Local\Temp\jna-113902130

VM Arguments:
jvm_args: --add-modules=ALL-SYSTEM --add-opens=java.base/java.util=ALL-UNNAMED --add-opens=java.base/java.lang=ALL-UNNAMED --add-opens=java.base/sun.nio.fs=ALL-UNNAMED -Declipse.application=org.eclipse.jdt.ls.core.id1 -Dosgi.bundles.defaultStartLevel=4 -Declipse.product=org.eclipse.jdt.ls.core.product -Djava.import.generatesMetadataFilesAtProjectRoot=false -DDetectVMInstallationsJob.disabled=true -Dfile.encoding=utf8 -XX:+UseParallelGC -XX:GCTimeRatio=4 -XX:AdaptiveSizePolicyWeight=90 -Dsun.zip.disableMemoryMapping=true -Xmx2G -Xms100m -Xlog:disable -javaagent:c:\Users\xdele\.windsurf\extensions\redhat.java-1.53.0-win32-x64\lombok\lombok-1.18.39-4050.jar -XX:+HeapDumpOnOutOfMemoryError -XX:HeapDumpPath=c:\Users\xdele\AppData\Roaming\Windsurf\User\workspaceStorage\0c286645f812e025e1531ab0605a77a4\redhat.java -Daether.dependencyCollector.impl=bf 
java_command: c:\Users\xdele\.windsurf\extensions\redhat.java-1.53.0-win32-x64\server\plugins\org.eclipse.equinox.launcher_1.7.100.v20251111-0406.jar -configuration c:\Users\xdele\AppData\Roaming\Windsurf\User\globalStorage\redhat.java\1.53.0\config_win -data c:\Users\xdele\AppData\Roaming\Windsurf\User\workspaceStorage\0c286645f812e025e1531ab0605a77a4\redhat.java\jdt_ws --pipe=\\.\pipe\lsp-57e8ad841c41a2abc2f75c533bed8ede-sock
java_class_path (initial): c:\Users\xdele\.windsurf\extensions\redhat.java-1.53.0-win32-x64\server\plugins\org.eclipse.equinox.launcher_1.7.100.v20251111-0406.jar
Launcher Type: SUN_STANDARD

[Global flags]
    uintx AdaptiveSizePolicyWeight                 = 90                                        {product} {command line}
     intx CICompilerCount                          = 4                                         {product} {ergonomic}
    uintx GCTimeRatio                              = 4                                         {product} {command line}
     bool HeapDumpOnOutOfMemoryError               = true                                   {manageable} {command line}
    ccstr HeapDumpPath                             = c:\Users\xdele\AppData\Roaming\Windsurf\User\workspaceStorage\0c286645f812e025e1531ab0605a77a4\redhat.java         {manageable} {command line}
   size_t InitialHeapSize                          = 104857600                                 {product} {command line}
   size_t MaxHeapSize                              = 2147483648                                {product} {command line}
   size_t MaxNewSize                               = 715653120                                 {product} {ergonomic}
   size_t MinHeapDeltaBytes                        = 524288                                    {product} {ergonomic}
   size_t MinHeapSize                              = 104857600                                 {product} {command line}
   size_t NewSize                                  = 34603008                                  {product} {ergonomic}
    uintx NonNMethodCodeHeapSize                   = 5839372                                {pd product} {ergonomic}
    uintx NonProfiledCodeHeapSize                  = 122909434                              {pd product} {ergonomic}
   size_t OldSize                                  = 70254592                                  {product} {ergonomic}
    uintx ProfiledCodeHeapSize                     = 122909434                              {pd product} {ergonomic}
    uintx ReservedCodeCacheSize                    = 251658240                              {pd product} {ergonomic}
     bool SegmentedCodeCache                       = true                                      {product} {ergonomic}
   size_t SoftMaxHeapSize                          = 2147483648                             {manageable} {ergonomic}
     bool UseCompressedOops                        = true                           {product lp64_product} {ergonomic}
     bool UseLargePagesIndividualAllocation        = false                                  {pd product} {ergonomic}
     bool UseParallelGC                            = true                                      {product} {command line}

Logging:
Log output configuration:
 #0: stdout all=off uptime,level,tags foldmultilines=false
 #1: stderr all=off uptime,level,tags foldmultilines=false

Release file:
JAVA_VERSION="21.0.10" 
MODULES="java.base java.compiler java.datatransfer java.xml java.prefs java.desktop java.instrument java.logging java.management java.security.sasl java.naming java.rmi java.management.rmi java.net.http java.scripting java.security.jgss java.transaction.xa java.sql java.sql.rowset java.xml.crypto java.se java.smartcardio jdk.accessibility jdk.internal.jvmstat jdk.attach jdk.charsets jdk.internal.opt jdk.zipfs jdk.compiler jdk.crypto.ec jdk.crypto.cryptoki jdk.crypto.mscapi jdk.dynalink jdk.internal.ed jdk.editpad jdk.hotspot.agent jdk.httpserver jdk.internal.le jdk.internal.vm.ci jdk.internal.vm.compiler jdk.internal.vm.compiler.management jdk.jartool jdk.javadoc jdk.jcmd jdk.management jdk.management.agent jdk.jconsole jdk.jdeps jdk.jdwp.agent jdk.jdi jdk.jfr jdk.jshell jdk.jsobject jdk.jstatd jdk.localedata jdk.management.jfr jdk.naming.dns jdk.naming.rmi jdk.net jdk.nio.mapmode jdk.random jdk.sctp jdk.security.auth jdk.security.jgss jdk.unsupported jdk.unsupported.desktop jdk.xml.dom" 

Environment Variables:
JAVA_HOME=C:\Program Files\Microsoft\jdk-21.0.10.7-hotspot\
PATH=C:\Users\xdele\AppData\Local\Programs\Windsurf;C:\Program Files\Microsoft\jdk-21.0.10.7-hotspot\bin;C:\Program Files\Eclipse Adoptium\jdk-25.0.2.10-hotspot\bin;C:\WINDOWS\system32;C:\WINDOWS;C:\WINDOWS\System32\Wbem;C:\WINDOWS\System32\WindowsPowerShell\v1.0\;C:\WINDOWS\System32\OpenSSH\;C:\Program Files\neofetch-win\;C:\Program Files\Git\cmd;C:\Program Files\playit_gg\bin\;C:\Users\xdele\AppData\Local\Programs\Python\Python314\Scripts\;C:\Users\xdele\AppData\Local\Programs\Python\Python314\;C:\Users\xdele\AppData\Local\Programs\Python\Launcher\;C:\Users\xdele\AppData\Local\Microsoft\WindowsApps;C:\Users\xdele\AppData\Local\Microsoft\WinGet\Links;C:\Users\xdele\AppData\Local\GitHubDesktop\bin;C:\Users\xdele\AppData\Local\Programs\Microsoft VS Code\bin;C:\Users\xdele\AppData\Local\Programs\Windsurf\bin;C:\maven\bin;C:\Program Files\nodejs\;C:\Program Files\Apollo;C:\Program Files\Apollo\tools;C:\Program Files\dotnet\;C:\Users\xdele\AppData\Local\Programs\Python\Python314\Scripts\;C:\Users\xdele\AppData\Local\Programs\Python\Python314\;C:\Users\xdele\AppData\Local\Programs\Python\Launcher\;C:\Users\xdele\AppData\Local\Microsoft\WindowsApps;C:\Users\xdele\AppData\Local\Microsoft\WinGet\Links;C:\Users\xdele\AppData\Local\GitHubDesktop\bin;C:\Users\xdele\AppData\Local\Programs\Microsoft VS Code\bin;C:\Users\xdele\AppData\Local\Programs\Windsurf\bin;C:\Users\xdele\AppData\Local\Programs\cursor\resources\app\bin;C:\Users\xdele\AppData\Roaming\npm
USERNAME=xdele
OS=Windows_NT
PROCESSOR_IDENTIFIER=AMD64 Family 25 Model 80 Stepping 0, AuthenticAMD
TMP=C:\Users\xdele\AppData\Local\Temp
TEMP=C:\Users\xdele\AppData\Local\Temp




Periodic native trim disabled

---------------  S Y S T E M  ---------------

OS:
 Windows 11 , 64 bit Build 26100 (10.0.26100.7623)
OS uptime: 0 days 1:04 hours
Hyper-V role detected

CPU: total 12 (initial active 12) (12 cores per cpu, 2 threads per core) family 25 model 80 stepping 0 microcode 0xa50000f, cx8, cmov, fxsr, ht, mmx, 3dnowpref, sse, sse2, sse3, ssse3, sse4a, sse4.1, sse4.2, popcnt, lzcnt, tsc, tscinvbit, avx, avx2, aes, erms, clmul, bmi1, bmi2, adx, sha, fma, vzeroupper, clflush, clflushopt, hv, rdtscp, rdpid, fsrm, f16c, cet_ss
Processor Information for the first 12 processors :
  Max Mhz: 3901, Current Mhz: 3901, Mhz Limit: 3901

Memory: 4k page, system-wide physical 15659M (1500M free)
TotalPageFile size 23851M (AvailPageFile size 7M)
current process WorkingSet (physical memory assigned to process): 193M, peak: 199M
current process commit charge ("private bytes"): 324M, peak: 330M

vm_info: OpenJDK 64-Bit Server VM (21.0.10+7-LTS) for windows-amd64 JRE (21.0.10+7-LTS), built on 2026-01-20T00:00:00Z by "admin" with MS VC++ 17.12 (VS2022)

END.
